Archive member included to satisfy reference by file (symbol)

/Applications/STM32CubeIDE.app/Contents/Eclipse/plugins/com.st.stm32cube.ide.mcu.externaltools.gnu-tools-for-stm32.13.3.rel1.macos64_1.0.100.202509120712/tools/bin/../lib/gcc/arm-none-eabi/13.3.1/../../../../arm-none-eabi/lib/thumb/v7e-m+fp/hard/libc_nano.a(libc_a-exit.o)
                              /Applications/STM32CubeIDE.app/Contents/Eclipse/plugins/com.st.stm32cube.ide.mcu.externaltools.gnu-tools-for-stm32.13.3.rel1.macos64_1.0.100.202509120712/tools/bin/../lib/gcc/arm-none-eabi/13.3.1/../../../../arm-none-eabi/lib/thumb/v7e-m+fp/hard/crt0.o (exit)
/Applications/STM32CubeIDE.app/Contents/Eclipse/plugins/com.st.stm32cube.ide.mcu.externaltools.gnu-tools-for-stm32.13.3.rel1.macos64_1.0.100.202509120712/tools/bin/../lib/gcc/arm-none-eabi/13.3.1/../../../../arm-none-eabi/lib/thumb/v7e-m+fp/hard/libc_nano.a(libc_a-findfp.o)
                              /Applications/STM32CubeIDE.app/Contents/Eclipse/plugins/com.st.stm32cube.ide.mcu.externaltools.gnu-tools-for-stm32.13.3.rel1.macos64_1.0.100.202509120712/tools/bin/../lib/gcc/arm-none-eabi/13.3.1/../../../../arm-none-eabi/lib/thumb/v7e-m+fp/hard/libc_nano.a(libc_a-exit.o) (__stdio_exit_handler)
/Applications/STM32CubeIDE.app/Contents/Eclipse/plugins/com.st.stm32cube.ide.mcu.externaltools.gnu-tools-for-stm32.13.3.rel1.macos64_1.0.100.202509120712/tools/bin/../lib/gcc/arm-none-eabi/13.3.1/../../../../arm-none-eabi/lib/thumb/v7e-m+fp/hard/libc_nano.a(libc_a-fwalk.o)
                              /Applications/STM32CubeIDE.app/Contents/Eclipse/plugins/com.st.stm32cube.ide.mcu.externaltools.gnu-tools-for-stm32.13.3.rel1.macos64_1.0.100.202509120712/tools/bin/../lib/gcc/arm-none-eabi/13.3.1/../../../../arm-none-eabi/lib/thumb/v7e-m+fp/hard/libc_nano.a(libc_a-findfp.o) (_fwalk_sglue)
/Applications/STM32CubeIDE.app/Contents/Eclipse/plugins/com.st.stm32cube.ide.mcu.externaltools.gnu-tools-for-stm32.13.3.rel1.macos64_1.0.100.202509120712/tools/bin/../lib/gcc/arm-none-eabi/13.3.1/../../../../arm-none-eabi/lib/thumb/v7e-m+fp/hard/libc_nano.a(libc_a-memset.o)
                              /Applications/STM32CubeIDE.app/Contents/Eclipse/plugins/com.st.stm32cube.ide.mcu.externaltools.gnu-tools-for-stm32.13.3.rel1.macos64_1.0.100.202509120712/tools/bin/../lib/gcc/arm-none-eabi/13.3.1/../../../../arm-none-eabi/lib/thumb/v7e-m+fp/hard/crt0.o (memset)
/Applications/STM32CubeIDE.app/Contents/Eclipse/plugins/com.st.stm32cube.ide.mcu.externaltools.gnu-tools-for-stm32.13.3.rel1.macos64_1.0.100.202509120712/tools/bin/../lib/gcc/arm-none-eabi/13.3.1/../../../../arm-none-eabi/lib/thumb/v7e-m+fp/hard/libc_nano.a(libc_a-errno.o)
                              ./Core/Src/syscalls.o (__errno)
/Applications/STM32CubeIDE.app/Contents/Eclipse/plugins/com.st.stm32cube.ide.mcu.externaltools.gnu-tools-for-stm32.13.3.rel1.macos64_1.0.100.202509120712/tools/bin/../lib/gcc/arm-none-eabi/13.3.1/../../../../arm-none-eabi/lib/thumb/v7e-m+fp/hard/libc_nano.a(libc_a-init.o)
                              /Applications/STM32CubeIDE.app/Contents/Eclipse/plugins/com.st.stm32cube.ide.mcu.externaltools.gnu-tools-for-stm32.13.3.rel1.macos64_1.0.100.202509120712/tools/bin/../lib/gcc/arm-none-eabi/13.3.1/../../../../arm-none-eabi/lib/thumb/v7e-m+fp/hard/crt0.o (__libc_init_array)
/Applications/STM32CubeIDE.app/Contents/Eclipse/plugins/com.st.stm32cube.ide.mcu.externaltools.gnu-tools-for-stm32.13.3.rel1.macos64_1.0.100.202509120712/tools/bin/../lib/gcc/arm-none-eabi/13.3.1/../../../../arm-none-eabi/lib/thumb/v7e-m+fp/hard/libc_nano.a(libc_a-lock.o)
                              /Applications/STM32CubeIDE.app/Contents/Eclipse/plugins/com.st.stm32cube.ide.mcu.externaltools.gnu-tools-for-stm32.13.3.rel1.macos64_1.0.100.202509120712/tools/bin/../lib/gcc/arm-none-eabi/13.3.1/../../../../arm-none-eabi/lib/thumb/v7e-m+fp/hard/libc_nano.a(libc_a-findfp.o) (__retarget_lock_init_recursive)
/Applications/STM32CubeIDE.app/Contents/Eclipse/plugins/com.st.stm32cube.ide.mcu.externaltools.gnu-tools-for-stm32.13.3.rel1.macos64_1.0.100.202509120712/tools/bin/../lib/gcc/arm-none-eabi/13.3.1/../../../../arm-none-eabi/lib/thumb/v7e-m+fp/hard/libc_nano.a(libc_a-impure.o)
                              /Applications/STM32CubeIDE.app/Contents/Eclipse/plugins/com.st.stm32cube.ide.mcu.externaltools.gnu-tools-for-stm32.13.3.rel1.macos64_1.0.100.202509120712/tools/bin/../lib/gcc/arm-none-eabi/13.3.1/../../../../arm-none-eabi/lib/thumb/v7e-m+fp/hard/libc_nano.a(libc_a-errno.o) (_impure_ptr)
/Applications/STM32CubeIDE.app/Contents/Eclipse/plugins/com.st.stm32cube.ide.mcu.externaltools.gnu-tools-for-stm32.13.3.rel1.macos64_1.0.100.202509120712/tools/bin/../lib/gcc/arm-none-eabi/13.3.1/../../../../arm-none-eabi/lib/thumb/v7e-m+fp/hard/libc_nano.a(libc_a-mallocr.o)
[...]
Memory Configuration

Name             Origin             Length             Attributes
RAM              0x20000000         0x00010000         xrw
FLASH            0x08000000         0x00080000         xr
*default*        0x00000000         0xffffffff

Linker script and memory map

LOAD /Applications/STM32CubeIDE.app/Contents/Eclipse/plugins/com.st.stm32cube.ide.mcu.externaltools.gnu-tools-for-stm32.13.3.rel1.macos64_1.0.100.202509120712/tools/bin/../lib/gcc/arm-none-eabi/13.3.1/thumb/v7e-m+fp/hard/crti.o
LOAD /Applications/STM32CubeIDE.app/Contents/Eclipse/plugins/com.st.stm32cube.ide.mcu.externaltools.gnu-tools-for-stm32.13.3.rel1.macos64_1.0.100.202509120712/tools/bin/../lib/gcc/arm-none-eabi/13.3.1/thumb/v7e-m+fp/hard/crtbegin.o
LOAD /Applications/STM32CubeIDE.app/Contents/Eclipse/plugins/com.st.stm32cube.ide.mcu.externaltools.gnu-tools-for-stm32.13.3.rel1.macos64_1.0.100.202509120712/tools/bin/../lib/gcc/arm-none-eabi/13.3.1/../../../../arm-none-eabi/lib/thumb/v7e-m+fp/hard/crt0.o
LOAD ./Core/Src/adc.o
LOAD ./Core/Src/can.o
LOAD ./Core/Src/can_decode.o
LOAD ./Core/Src/can_encode.o
LOAD ./Core/Src/dma.o
LOAD ./Core/Src/gpio.o
LOAD ./Core/Src/main.o
LOAD ./Core/Src/spi.o
LOAD ./Core/Src/stm32f3xx_hal_msp.o
LOAD ./Core/Src/stm32f3xx_it.o
LOAD ./Core/Src/syscalls.o
LOAD ./Core/Src/sysmem.o
LOAD ./Core/Src/system_stm32f3xx.o
LOAD ./Core/Startup/startup_stm32f302retx.o
LOAD ./Drivers/STM32F3xx_HAL_Driver/Src/stm32f3xx_hal.o
LOAD ./Drivers/STM32F3xx_HAL_Driver/Src/stm32f3xx_hal_adc.o
LOAD ./Drivers/STM32F3xx_HAL_Driver/Src/stm32f3xx_hal_adc_ex.o
LOAD ./Drivers/STM32F3xx_HAL_Driver/Src/stm32f3xx_hal_can.o
LOAD ./Drivers/STM32F3xx_HAL_Driver/Src/stm32f3xx_hal_cortex.o
LOAD ./Drivers/STM32F3xx_HAL_Driver/Src/stm32f3xx_hal_dma.o
LOAD ./Drivers/STM32F3xx_HAL_Driver/Src/stm32f3xx_hal_exti.o
LOAD ./Drivers/STM32F3xx_HAL_Driver/Src/stm32f3xx_hal_flash.o
LOAD ./Drivers/STM32F3xx_HAL_Driver/Src/stm32f3xx_hal_flash_ex.o
LOAD ./Drivers/STM32F3xx_HAL_Driver/Src/stm32f3xx_hal_gpio.o
LOAD ./Drivers/STM32F3xx_HAL_Driver/Src/stm32f3xx_hal_i2c.o
LOAD ./Drivers/STM32F3xx_HAL_Driver/Src/stm32f3xx_hal_i2c_ex.o
LOAD ./Drivers/STM32F3xx_HAL_Driver/Src/stm32f3xx_hal_pwr.o
LOAD ./Drivers/STM32F3xx_HAL_Driver/Src/stm32f3xx_hal_pwr_ex.o
LOAD ./Drivers/STM32F3xx_HAL_Driver/Src/stm32f3xx_hal_rcc.o
LOAD ./Drivers/STM32F3xx_HAL_Driver/Src/stm32f3xx_hal_rcc_ex.o
LOAD ./Drivers/STM32F3xx_HAL_Driver/Src/stm32f3xx_hal_spi.o
LOAD ./Drivers/STM32F3xx_HAL_Driver/Src/stm32f3xx_hal_spi_ex.o
START GROUP
LOAD /Applications/STM32CubeIDE.app/Contents/Eclipse/plugins/com.st.stm32cube.ide.mcu.externaltools.gnu-tools-for-stm32.13.3.rel1.macos64_1.0.100.202509120712/tools/bin/../lib/gcc/arm-none-eabi/13.3.1/../../../../arm-none-eabi/lib/thumb/v7e-m+fp/hard/libc_nano.a
LOAD /Applications/STM32CubeIDE.app/Contents/Eclipse/plugins/com.st.stm32cube.ide.mcu.externaltools.gnu-tools-for-stm32.13.3.rel1.macos64_1.0.100.202509120712/tools/bin/../lib/gcc/arm-none-eabi/13.3.1/../../../../arm-none-eabi/lib/thumb/v7e-m+fp/hard/libm.a
END GROUP
START GROUP
LOAD /Applications/STM32CubeIDE.app/Contents/Eclipse/plugins/com.st.stm32cube.ide.mcu.externaltools.gnu-tools-for-stm32.13.3.rel1.macos64_1.0.100.202509120712/tools/bin/../lib/gcc/arm-none-eabi/13.3.1/thumb/v7e-m+fp/hard/libgcc.a
LOAD /Applications/STM32CubeIDE.app/Contents/Eclipse/plugins/com.st.stm32cube.ide.mcu.externaltools.gnu-tools-for-stm32.13.3.rel1.macos64_1.0.100.202509120712/tools/bin/../lib/gcc/arm-none-eabi/13.3.1/../../../../arm-none-eabi/lib/thumb/v7e-m+fp/hard/libc_nano.a
END GROUP
START GROUP
LOAD /Applications/STM32CubeIDE.app/Contents/Eclipse/plugins/com.st.stm32cube.ide.mcu.externaltools.gnu-tools-for-stm32.13.3.rel1.macos64_1.0.100.202509120712/tools/bin/../lib/gcc/arm-none-eabi/13.3.1/thumb/v7e-m+fp/hard/libgcc.a
LOAD /Applications/STM32CubeIDE.app/Contents/Eclipse/plugins/com.st.stm32cube.ide.mcu.externaltools.gnu-tools-for-stm32.13.3.rel1.macos64_1.0.100.202509120712/tools/bin/../lib/gcc/arm-none-eabi/13.3.1/../../../../arm-none-eabi/lib/thumb/v7e-m+fp/hard/libc_nano.a
LOAD /Applications/STM32CubeIDE.app/Contents/Eclipse/plugins/com.st.stm32cube.ide.mcu.externaltools.gnu-tools-for-stm32.13.3.rel1.macos64_1.0.100.202509120712/tools/bin/../lib/gcc/arm-none-eabi/13.3.1/../../../../arm-none-eabi/lib/thumb/v7e-m+fp/hard/libnosys.a
END GROUP
START GROUP
LOAD /Applications/STM32CubeIDE.app/Contents/Eclipse/plugins/com.st.stm32cube.ide.mcu.externaltools.gnu-tools-for-stm32.13.3.rel1.macos64_1.0.100.202509120712/tools/bin/../lib/gcc/arm-none-eabi/13.3.1/thumb/v7e-m+fp/hard/libgcc.a
LOAD /Applications/STM32CubeIDE.app/Contents/Eclipse/plugins/com.st.stm32cube.ide.mcu.externaltools.gnu-tools-for-stm32.13.3.rel1.macos64_1.0.100.202509120712/tools/bin/../lib/gcc/arm-none-eabi/13.3.1/../../../../arm-none-eabi/lib/thumb/v7e-m+fp/hard/libc_nano.a
LOAD /Applications/STM32CubeIDE.app/Contents/Eclipse/plugins/com.st.stm32cube.ide.mcu.externaltools.gnu-tools-for-stm32.13.3.rel1.macos64_1.0.100.202509120712/tools/bin/../lib/gcc/arm-none-eabi/13.3.1/../../../../arm-none-eabi/lib/thumb/v7e-m+fp/hard/libnosys.a
END GROUP
LOAD /Applications/STM32CubeIDE.app/Contents/Eclipse/plugins/com.st.stm32cube.ide.mcu.externaltools.gnu-tools-for-stm32.13.3.rel1.macos64_1.0.100.202509120712/tools/bin/../lib/gcc/arm-none-eabi/13.3.1/thumb/v7e-m+fp/hard/crtend.o
LOAD /Applications/STM32CubeIDE.app/Contents/Eclipse/plugins/com.st.stm32cube.ide.mcu.externaltools.gnu-tools-for-stm32.13.3.rel1.macos64_1.0.100.202509120712/tools/bin/../lib/gcc/arm-none-eabi/13.3.1/thumb/v7e-m+fp/hard/crtn.o
                0x20010000                        _estack = (ORIGIN (RAM) + LENGTH (RAM))
                0x00000200                        _Min_Heap_Size = 0x200
                0x00000400                        _Min_Stack_Size = 0x400

.isr_vector     0x08000000      0x194
                0x08000000                        . = ALIGN (0x4)
 *(.isr_vector)
 .isr_vector    0x08000000      0x194 ./Core/Startup/startup_stm32f302retx.o
                0x08000000                g_pfnVectors
                0x08000194                        . = ALIGN (0x4)

.text           0x08000194     0x4d90
                0x08000194                        . = ALIGN (0x4)
 *(.text)
 .text          0x08000194       0x40 /Applications/STM32CubeIDE.app/Contents/Eclipse/plugins/com.st.stm32cube.ide.mcu.externaltools.gnu-tools-for-stm32.13.3.rel1.macos64_1.0.100.202509120712/tools/bin/../lib/gcc/arm-none-eabi/13.3.1/thumb/v7e-m+fp/hard/crtbegin.o
 *(.text*)
 .text.MX_ADC1_Init
                0x080001d4       0xf8 ./Core/Src/adc.o
                0x080001d4                MX_ADC1_Init
 .text.HAL_ADC_MspInit
                0x080002cc       0xd0 ./Core/Src/adc.o
                0x080002cc                HAL_ADC_MspInit
 .text.MX_CAN_Init
                0x0800039c       0x6c ./Core/Src/can.o
                0x0800039c                MX_CAN_Init
 .text.HAL_CAN_MspInit
                0x08000408       0xbc ./Core/Src/can.o
                0x08000408                HAL_CAN_MspInit
 .text.Decode_BMS_STATUS
                0x080004c4      0x120 ./Core/Src/can_decode.o
                0x080004c4                Decode_BMS_STATUS
 .text.Decode_BMS_QUADVOLTS
                0x080005e4       0xe0 ./Core/Src/can_decode.o
                0x080005e4                Decode_BMS_QUADVOLTS
 .text.Decode_BMS_CELLVOLTS
                0x080006c4       0xe0 ./Core/Src/can_decode.o
                0x080006c4                Decode_BMS_CELLVOLTS
 .text.Decode_BMS_TEMPS
                0x080007a4       0xe0 ./Core/Src/can_decode.o
                0x080007a4                Decode_BMS_TEMPS
 .text.Decode_INVERTER_CTRL
                0x08000884       0x7c ./Core/Src/can_decode.o
                0x08000884                Decode_INVERTER_CTRL
 .text.Decode_SYS_STATUS
                0x08000900      0x108 ./Core/Src/can_decode.o
                0x08000900                Decode_SYS_STATUS
 .text.Encode_BMS_STATUS
                0x08000a08      0x120 ./Core/Src/can_encode.o
                0x08000a08                Encode_BMS_STATUS
 .text.Encode_BMS_QUADVOLTS
                0x08000b28       0xe4 ./Core/Src/can_encode.o
                0x08000b28                Encode_BMS_QUADVOLTS
 .text.Encode_BMS_CELLVOLTS
                0x08000c0c       0xe4 ./Core/Src/can_encode.o
                0x08000c0c                Encode_BMS_CELLVOLTS
 .text.Encode_BMS_TEMPS
                0x08000cf0       0xe4 ./Core/Src/can_encode.o
                0x08000cf0                Encode_BMS_TEMPS
 .text.MX_DMA_Init
                0x08000dd4       0x3c ./Core/Src/dma.o
                0x08000dd4                MX_DMA_Init
 .text.MX_GPIO_Init
                0x08000e10      0x188 ./Core/Src/gpio.o
                0x08000e10                MX_GPIO_Init
 .text.main     0x08000f98      0x224 ./Core/Src/main.o
                0x08000f98                main
 .text.SystemClock_Config
                0x080011bc       0xb8 ./Core/Src/main.o
                0x080011bc                SystemClock_Config
 .text.HAL_CAN_RxFifo0MsgPendingCallback
                0x08001274       0xcc ./Core/Src/main.o
                0x08001274                HAL_CAN_RxFifo0MsgPendingCallback
 .text.Error_Handler
                0x08001340        0xc ./Core/Src/main.o
                0x08001340                Error_Handler
 .text.MX_SPI1_Init
                0x0800134c       0x7c ./Core/Src/spi.o
                0x0800134c                MX_SPI1_Init
 .text.MX_SPI2_Init
                0x080013c8       0x78 ./Core/Src/spi.o
                0x080013c8                MX_SPI2_Init
 .text.MX_SPI3_Init
                0x08001440       0x7c ./Core/Src/spi.o
                0x08001440                MX_SPI3_Init
 .text.HAL_SPI_MspInit
                0x080014bc      0x150 ./Core/Src/spi.o
                0x080014bc                HAL_SPI_MspInit
 .text.HAL_MspInit
                0x0800160c       0x48 ./Core/Src/stm32f3xx_hal_msp.o
                0x0800160c                HAL_MspInit
 .text.NMI_Handler
                0x08001654        0x8 ./Core/Src/stm32f3xx_it.o
                0x08001654                NMI_Handler
 .text.HardFault_Handler
                0x0800165c        0x8 ./Core/Src/stm32f3xx_it.o
                0x0800165c                HardFault_Handler
 .text.MemManage_Handler
                0x08001664        0x8 ./Core/Src/stm32f3xx_it.o
                0x08001664                MemManage_Handler
 .text.BusFault_Handler
                0x0800166c        0x8 ./Core/Src/stm32f3xx_it.o
                0x0800166c                BusFault_Handler
 .text.UsageFault_Handler
                0x08001674        0x8 ./Core/Src/stm32f3xx_it.o
                0x08001674                UsageFault_Handler
 .text.SVC_Handler
                0x0800167c        0xe ./Core/Src/stm32f3xx_it.o
                0x0800167c                SVC_Handler
 .text.DebugMon_Handler
                0x0800168a        0xe ./Core/Src/stm32f3xx_it.o
                0x0800168a                DebugMon_Handler
 .text.PendSV_Handler
                0x08001698        0xe ./Core/Src/stm32f3xx_it.o
                0x08001698                PendSV_Handler
 .text.SysTick_Handler
                0x080016a6        0xc ./Core/Src/stm32f3xx_it.o
                0x080016a6                SysTick_Handler
 *fill*         0x080016b2        0x2 
 .text.DMA1_Channel1_IRQHandler
                0x080016b4       0x14 ./Core/Src/stm32f3xx_it.o
                0x080016b4                DMA1_Channel1_IRQHandler
 .text.USB_LP_CAN_RX0_IRQHandler
                0x080016c8       0x14 ./Core/Src/stm32f3xx_it.o
                0x080016c8                USB_LP_CAN_RX0_IRQHandler
 .text.SystemInit
                0x080016dc       0x24 ./Core/Src/system_stm32f3xx.o
                0x080016dc                SystemInit
 .text.Reset_Handler
                0x08001700       0x50 ./Core/Startup/startup_stm32f302retx.o
                0x08001700                Reset_Handler
 .text.Default_Handler
                0x08001750        0x2 ./Core/Startup/startup_stm32f302retx.o
                0x08001750                TIM1_BRK_TIM15_IRQHandler
                0x08001750                SPI4_IRQHandler
                0x08001750                TIM1_CC_IRQHandler
                0x08001750                USB_HP_IRQHandler
                0x08001750                PVD_IRQHandler
                0x08001750                TAMP_STAMP_IRQHandler
                0x08001750                EXTI3_IRQHandler
                0x08001750                I2C3_ER_IRQHandler
                0x08001750                USB_HP_CAN_TX_IRQHandler
                0x08001750                EXTI0_IRQHandler
                0x08001750                I2C2_EV_IRQHandler
                0x08001750                FPU_IRQHandler
                0x08001750                TIM1_UP_TIM16_IRQHandler
                0x08001750                ADC1_2_IRQHandler
                0x08001750                SPI1_IRQHandler
                0x08001750                CAN_SCE_IRQHandler
                0x08001750                TIM6_DAC_IRQHandler
                0x08001750                DMA2_Channel2_IRQHandler
                0x08001750                DMA1_Channel4_IRQHandler
                0x08001750                TIM20_TRG_COM_IRQHandler
                0x08001750                USART3_IRQHandler
                0x08001750                DMA1_Channel7_IRQHandler
                0x08001750                UART5_IRQHandler
                0x08001750                TIM4_IRQHandler
                0x08001750                CAN_RX1_IRQHandler
                0x08001750                DMA2_Channel1_IRQHandler
                0x08001750                I2C1_EV_IRQHandler
                0x08001750                DMA1_Channel6_IRQHandler
                0x08001750                UART4_IRQHandler
                0x08001750                DMA2_Channel4_IRQHandler
                0x08001750                TIM3_IRQHandler
                0x08001750                RCC_IRQHandler
                0x08001750                TIM20_UP_IRQHandler
                0x08001750                Default_Handler
                0x08001750                USBWakeUp_RMP_IRQHandler
                0x08001750                EXTI15_10_IRQHandler
                0x08001750                I2C3_EV_IRQHandler
                0x08001750                EXTI9_5_IRQHandler
                0x08001750                RTC_WKUP_IRQHandler
                0x08001750                SPI2_IRQHandler
                0x08001750                DMA2_Channel5_IRQHandler
                0x08001750                DMA1_Channel5_IRQHandler
                0x08001750                USB_LP_IRQHandler
                0x08001750                EXTI4_IRQHandler
                0x08001750                COMP1_2_IRQHandler
                0x08001750                TIM1_TRG_COM_TIM17_IRQHandler
                0x08001750                DMA1_Channel3_IRQHandler
                0x08001750                WWDG_IRQHandler
                0x08001750                TIM2_IRQHandler
                0x08001750                EXTI1_IRQHandler
                0x08001750                COMP4_6_IRQHandler
                0x08001750                USART2_IRQHandler
                0x08001750                TIM20_BRK_IRQHandler
                0x08001750                I2C2_ER_IRQHandler
                0x08001750                DMA1_Channel2_IRQHandler
                0x08001750                FLASH_IRQHandler
                0x08001750                TIM20_CC_IRQHandler
                0x08001750                USART1_IRQHandler
                0x08001750                SPI3_IRQHandler
                0x08001750                I2C1_ER_IRQHandler
                0x08001750                FMC_IRQHandler
                0x08001750                USBWakeUp_IRQHandler
                0x08001750                DMA2_Channel3_IRQHandler
                0x08001750                EXTI2_TSC_IRQHandler
                0x08001750                RTC_Alarm_IRQHandler
 *fill*         0x08001752        0x2 
 .text.HAL_Init
                0x08001754       0x2c ./Drivers/STM32F3xx_HAL_Driver/Src/stm32f3xx_hal.o
                0x08001754                HAL_Init
 .text.HAL_InitTick
                0x08001780       0x60 ./Drivers/STM32F3xx_HAL_Driver/Src/stm32f3xx_hal.o
                0x08001780                HAL_InitTick
 .text.HAL_IncTick
                0x080017e0       0x28 ./Drivers/STM32F3xx_HAL_Driver/Src/stm32f3xx_hal.o
                0x080017e0                HAL_IncTick
 .text.HAL_GetTick
                0x08001808       0x18 ./Drivers/STM32F3xx_HAL_Driver/Src/stm32f3xx_hal.o
                0x08001808                HAL_GetTick
 .text.HAL_Delay
                0x08001820       0x48 ./Drivers/STM32F3xx_HAL_Driver/Src/stm32f3xx_hal.o
                0x08001820                HAL_Delay
 .text.HAL_ADC_Init
                0x08001868      0x324 ./Drivers/STM32F3xx_HAL_Driver/Src/stm32f3xx_hal_adc_ex.o
                0x08001868                HAL_ADC_Init
 .text.HAL_ADC_ConfigChannel
                0x08001b8c      0x57c ./Drivers/STM32F3xx_HAL_Driver/Src/stm32f3xx_hal_adc_ex.o
                0x08001b8c                HAL_ADC_ConfigChannel
 .text.HAL_ADCEx_MultiModeConfigChannel
                0x08002108      0x18c ./Drivers/STM32F3xx_HAL_Driver/Src/stm32f3xx_hal_adc_ex.o
                0x08002108                HAL_ADCEx_MultiModeConfigChannel
 .text.ADC_Disable
                0x08002294       0xcc ./Drivers/STM32F3xx_HAL_Driver/Src/stm32f3xx_hal_adc_ex.o
 .text.HAL_CAN_Init
                0x08002360      0x1f6 ./Drivers/STM32F3xx_HAL_Driver/Src/stm32f3xx_hal_can.o
                0x08002360                HAL_CAN_Init
 .text.HAL_CAN_AddTxMessage
                0x08002556      0x1a0 ./Drivers/STM32F3xx_HAL_Driver/Src/stm32f3xx_hal_can.o
                0x08002556                HAL_CAN_AddTxMessage
 .text.HAL_CAN_GetTxMailboxesFreeLevel
                0x080026f6       0x6a ./Drivers/STM32F3xx_HAL_Driver/Src/stm32f3xx_hal_can.o
                0x080026f6                HAL_CAN_GetTxMailboxesFreeLevel
 .text.HAL_CAN_GetRxMessage
                0x08002760      0x244 ./Drivers/STM32F3xx_HAL_Driver/Src/stm32f3xx_hal_can.o
                0x08002760                HAL_CAN_GetRxMessage
 .text.HAL_CAN_IRQHandler
                0x080029a4      0x36e ./Drivers/STM32F3xx_HAL_Driver/Src/stm32f3xx_hal_can.o
                0x080029a4                HAL_CAN_IRQHandler
 .text.HAL_CAN_TxMailbox0CompleteCallback
                0x08002d12       0x14 ./Drivers/STM32F3xx_HAL_Driver/Src/stm32f3xx_hal_can.o
                0x08002d12                HAL_CAN_TxMailbox0CompleteCallback
 .text.HAL_CAN_TxMailbox1CompleteCallback
                0x08002d26       0x14 ./Drivers/STM32F3xx_HAL_Driver/Src/stm32f3xx_hal_can.o
                0x08002d26                HAL_CAN_TxMailbox1CompleteCallback
 .text.HAL_CAN_TxMailbox2CompleteCallback
                0x08002d3a       0x14 ./Drivers/STM32F3xx_HAL_Driver/Src/stm32f3xx_hal_can.o
                0x08002d3a                HAL_CAN_TxMailbox2CompleteCallback
 .text.HAL_CAN_TxMailbox0AbortCallback
                0x08002d4e       0x14 ./Drivers/STM32F3xx_HAL_Driver/Src/stm32f3xx_hal_can.o
                0x08002d4e                HAL_CAN_TxMailbox0AbortCallback
 .text.HAL_CAN_TxMailbox1AbortCallback
                0x08002d62       0x14 ./Drivers/STM32F3xx_HAL_Driver/Src/stm32f3xx_hal_can.o
                0x08002d62                HAL_CAN_TxMailbox1AbortCallback
 .text.HAL_CAN_TxMailbox2AbortCallback
                0x08002d76       0x14 ./Drivers/STM32F3xx_HAL_Driver/Src/stm32f3xx_hal_can.o
                0x08002d76                HAL_CAN_TxMailbox2AbortCallback
 .text.HAL_CAN_RxFifo0FullCallback
                0x08002d8a       0x14 ./Drivers/STM32F3xx_HAL_Driver/Src/stm32f3xx_hal_can.o
                0x08002d8a                HAL_CAN_RxFifo0FullCallback
 .text.HAL_CAN_RxFifo1MsgPendingCallback
                0x08002d9e       0x14 ./Drivers/STM32F3xx_HAL_Driver/Src/stm32f3xx_hal_can.o
                0x08002d9e                HAL_CAN_RxFifo1MsgPendingCallback
 .text.HAL_CAN_RxFifo1FullCallback
                0x08002db2       0x14 ./Drivers/STM32F3xx_HAL_Driver/Src/stm32f3xx_hal_can.o
                0x08002db2                HAL_CAN_RxFifo1FullCallback
 .text.HAL_CAN_SleepCallback
                0x08002dc6       0x14 ./Drivers/STM32F3xx_HAL_Driver/Src/stm32f3xx_hal_can.o
                0x08002dc6                HAL_CAN_SleepCallback
 .text.HAL_CAN_WakeUpFromRxMsgCallback
                0x08002dda       0x14 ./Drivers/STM32F3xx_HAL_Driver/Src/stm32f3xx_hal_can.o
                0x08002dda                HAL_CAN_WakeUpFromRxMsgCallback
 .text.HAL_CAN_ErrorCallback
                0x08002dee       0x14 ./Drivers/STM32F3xx_HAL_Driver/Src/stm32f3xx_hal_can.o
                0x08002dee                HAL_CAN_ErrorCallback
 *fill*         0x08002e02        0x2 
 .text.__NVIC_SetPriorityGrouping
                0x08002e04       0x48 ./Drivers/STM32F3xx_HAL_Driver/Src/stm32f3xx_hal_cortex.o
 .text.__NVIC_GetPriorityGrouping
                0x08002e4c       0x1c ./Drivers/STM32F3xx_HAL_Driver/Src/stm32f3xx_hal_cortex.o
 .text.__NVIC_EnableIRQ
                0x08002e68       0x3c ./Drivers/STM32F3xx_HAL_Driver/Src/stm32f3xx_hal_cortex.o
 .text.__NVIC_SetPriority
                0x08002ea4       0x54 ./Drivers/STM32F3xx_HAL_Driver/Src/stm32f3xx_hal_cortex.o
 .text.NVIC_EncodePriority
                0x08002ef8       0x66 ./Drivers/STM32F3xx_HAL_Driver/Src/stm32f3xx_hal_cortex.o
 *fill*         0x08002f5e        0x2 
 .text.SysTick_Config
                0x08002f60       0x44 ./Drivers/STM32F3xx_HAL_Driver/Src/stm32f3xx_hal_cortex.o
 .text.HAL_NVIC_SetPriorityGrouping
                0x08002fa4       0x16 ./Drivers/STM32F3xx_HAL_Driver/Src/stm32f3xx_hal_cortex.o
                0x08002fa4                HAL_NVIC_SetPriorityGrouping
 .text.HAL_NVIC_SetPriority
                0x08002fba       0x38 ./Drivers/STM32F3xx_HAL_Driver/Src/stm32f3xx_hal_cortex.o
                0x08002fba                HAL_NVIC_SetPriority
 .text.HAL_NVIC_EnableIRQ
                0x08002ff2       0x1c ./Drivers/STM32F3xx_HAL_Driver/Src/stm32f3xx_hal_cortex.o
                0x08002ff2                HAL_NVIC_EnableIRQ
 .text.HAL_SYSTICK_Config
                0x0800300e       0x18 ./Drivers/STM32F3xx_HAL_Driver/Src/stm32f3xx_hal_cortex.o
                0x0800300e                HAL_SYSTICK_Config
 .text.HAL_DMA_Init
                0x08003026       0x8e ./Drivers/STM32F3xx_HAL_Driver/Src/stm32f3xx_hal_dma.o
                0x08003026                HAL_DMA_Init
 .text.HAL_DMA_IRQHandler
                0x080030b4      0x146 ./Drivers/STM32F3xx_HAL_Driver/Src/stm32f3xx_hal_dma.o
                0x080030b4                HAL_DMA_IRQHandler
 *fill*         0x080031fa        0x2 
 .text.DMA_CalcBaseAndBitshift
                0x080031fc       0x78 ./Drivers/STM32F3xx_HAL_Driver/Src/stm32f3xx_hal_dma.o
 .text.HAL_GPIO_Init
                0x08003274      0x314 ./Drivers/STM32F3xx_HAL_Driver/Src/stm32f3xx_hal_gpio.o
                0x08003274                HAL_GPIO_Init
 .text.HAL_GPIO_WritePin
                0x08003588       0x30 ./Drivers/STM32F3xx_HAL_Driver/Src/stm32f3xx_hal_gpio.o
                0x08003588                HAL_GPIO_WritePin
 .text.HAL_RCC_OscConfig
                0x080035b8     0x1048 ./Drivers/STM32F3xx_HAL_Driver/Src/stm32f3xx_hal_rcc.o
                0x080035b8                HAL_RCC_OscConfig
 .text.HAL_RCC_ClockConfig
                0x08004600      0x2dc ./Drivers/STM32F3xx_HAL_Driver/Src/stm32f3xx_hal_rcc.o
                0x08004600                HAL_RCC_ClockConfig
 .text.HAL_RCC_GetSysClockFreq
                0x080048dc       0xac ./Drivers/STM32F3xx_HAL_Driver/Src/stm32f3xx_hal_rcc.o
                0x080048dc                HAL_RCC_GetSysClockFreq
 .text.HAL_RCCEx_PeriphCLKConfig
                0x08004988      0x3d4 ./Drivers/STM32F3xx_HAL_Driver/Src/stm32f3xx_hal_rcc_ex.o
                0x08004988                HAL_RCCEx_PeriphCLKConfig
 .text.HAL_SPI_Init
                0x08004d5c      0x156 ./Drivers/STM32F3xx_HAL_Driver/Src/stm32f3xx_hal_spi.o
                0x08004d5c                HAL_SPI_Init
 .text.memset   0x08004eb2       0x10 /Applications/STM32CubeIDE.app/Contents/Eclipse/plugins/com.st.stm32cube.ide.mcu.externaltools.gnu-tools-for-stm32.13.3.rel1.macos64_1.0.100.202509120712/tools/bin/../lib/gcc/arm-none-eabi/13.3.1/../../../../arm-none-eabi/lib/thumb/v7e-m+fp/hard/libc_nano.a(libc_a-memset.o)
                0x08004eb2                memset
 *fill*         0x08004ec2        0x2 
 .text.__libc_init_array
                0x08004ec4       0x48 /Applications/STM32CubeIDE.app/Contents/Eclipse/plugins/com.st.stm32cube.ide.mcu.externaltools.gnu-tools-for-stm32.13.3.rel1.macos64_1.0.100.202509120712/tools/bin/../lib/gcc/arm-none-eabi/13.3.1/../../../../arm-none-eabi/lib/thumb/v7e-m+fp/hard/libc_nano.a(libc_a-init.o)
                0x08004ec4                __libc_init_array
 *(.glue_7)
 .glue_7        0x08004f0c        0x0 linker stubs
 *(.glue_7t)
 .glue_7t       0x08004f0c        0x0 linker stubs
 *(.eh_frame)
 .eh_frame      0x08004f0c        0x0 /Applications/STM32CubeIDE.app/Contents/Eclipse/plugins/com.st.stm32cube.ide.mcu.externaltools.gnu-tools-for-stm32.13.3.rel1.macos64_1.0.100.202509120712/tools/bin/../lib/gcc/arm-none-eabi/13.3.1/thumb/v7e-m+fp/hard/crtbegin.o
 *(.init)
 .init          0x08004f0c        0x4 /Applications/STM32CubeIDE.app/Contents/Eclipse/plugins/com.st.stm32cube.ide.mcu.externaltools.gnu-tools-for-stm32.13.3.rel1.macos64_1.0.100.202509120712/tools/bin/../lib/gcc/arm-none-eabi/13.3.1/thumb/v7e-m+fp/hard/crti.o
                0x08004f0c                _init
 .init          0x08004f10        0x8 /Applications/STM32CubeIDE.app/Contents/Eclipse/plugins/com.st.stm32cube.ide.mcu.externaltools.gnu-tools-for-stm32.13.3.rel1.macos64_1.0.100.202509120712/tools/bin/../lib/gcc/arm-none-eabi/13.3.1/thumb/v7e-m+fp/hard/crtn.o
 *(.fini)
 .fini          0x08004f18        0x4 /Applications/STM32CubeIDE.app/Contents/Eclipse/plugins/com.st.stm32cube.ide.mcu.externaltools.gnu-tools-for-stm32.13.3.rel1.macos64_1.0.100.202509120712/tools/bin/../lib/gcc/arm-none-eabi/13.3.1/thumb/v7e-m+fp/hard/crti.o
                0x08004f18                _fini
 .fini          0x08004f1c        0x8 /Applications/STM32CubeIDE.app/Contents/Eclipse/plugins/com.st.stm32cube.ide.mcu.externaltools.gnu-tools-for-stm32.13.3.rel1.macos64_1.0.100.202509120712/tools/bin/../lib/gcc/arm-none-eabi/13.3.1/thumb/v7e-m+fp/hard/crtn.o
                0x08004f24                        . = ALIGN (0x4)
                0x08004f24                        _etext = .

.vfp11_veneer   0x08004f24        0x0
 .vfp11_veneer  0x08004f24        0x0 linker stubs

.v4_bx          0x08004f24        0x0
 .v4_bx         0x08004f24        0x0 linker stubs

.iplt           0x08004f24        0x0
 .iplt          0x08004f24        0x0 /Applications/STM32CubeIDE.app/Contents/Eclipse/plugins/com.st.stm32cube.ide.mcu.externaltools.gnu-tools-for-stm32.13.3.rel1.macos64_1.0.100.202509120712/tools/bin/../lib/gcc/arm-none-eabi/13.3.1/thumb/v7e-m+fp/hard/crtbegin.o

.rodata         0x08004f24       0x30
                0x08004f24                        . = ALIGN (0x4)
 *(.rodata)
 *(.rodata*)
 .rodata.AHBPrescTable
                0x08004f24       0x10 ./Core/Src/system_stm32f3xx.o
                0x08004f24                AHBPrescTable
 .rodata.aPLLMULFactorTable
                0x08004f34       0x10 ./Drivers/STM32F3xx_HAL_Driver/Src/stm32f3xx_hal_rcc.o
 .rodata.aPredivFactorTable
                0x08004f44       0x10 ./Drivers/STM32F3xx_HAL_Driver/Src/stm32f3xx_hal_rcc.o
                0x08004f54                        . = ALIGN (0x4)

.ARM.extab      0x08004f54        0x0
                0x08004f54                        . = ALIGN (0x4)
 *(.ARM.extab* .gnu.linkonce.armextab.*)
                0x08004f54                        . = ALIGN (0x4)

.ARM            0x08004f54        0x0
                0x08004f54                        . = ALIGN (0x4)
                0x08004f54                        __exidx_start = .
 *(.ARM.exidx*)
                0x08004f54                        __exidx_end = .
                0x08004f54                        . = ALIGN (0x4)

.preinit_array  0x08004f54        0x0
                0x08004f54                        . = ALIGN (0x4)
                0x08004f54                        PROVIDE (__preinit_array_start = .)
 *(.preinit_array*)
                0x08004f54                        PROVIDE (__preinit_array_end = .)
                0x08004f54                        . = ALIGN (0x4)

.init_array     0x08004f54        0x4
                0x08004f54                        . = ALIGN (0x4)
                0x08004f54                        PROVIDE (__init_array_start = .)
 *(SORT_BY_NAME(.init_array.*))
 *(.init_array*)
 .init_array    0x08004f54        0x4 /Applications/STM32CubeIDE.app/Contents/Eclipse/plugins/com.st.stm32cube.ide.mcu.externaltools.gnu-tools-for-stm32.13.3.rel1.macos64_1.0.100.202509120712/tools/bin/../lib/gcc/arm-none-eabi/13.3.1/thumb/v7e-m+fp/hard/crtbegin.o
                0x08004f58                        PROVIDE (__init_array_end = .)
                0x08004f58                        . = ALIGN (0x4)

.fini_array     0x08004f58        0x4
                0x08004f58                        . = ALIGN (0x4)
                [!provide]                        PROVIDE (__fini_array_start = .)
 *(SORT_BY_NAME(.fini_array.*))
 *(.fini_array*)
 .fini_array    0x08004f58        0x4 /Applications/STM32CubeIDE.app/Contents/Eclipse/plugins/com.st.stm32cube.ide.mcu.externaltools.gnu-tools-for-stm32.13.3.rel1.macos64_1.0.100.202509120712/tools/bin/../lib/gcc/arm-none-eabi/13.3.1/thumb/v7e-m+fp/hard/crtbegin.o
                [!provide]                        PROVIDE (__fini_array_end = .)
                0x08004f5c                        . = ALIGN (0x4)
                0x08004f5c                        _sidata = LOADADDR (.data)

.rel.dyn        0x08004f5c        0x0
 .rel.iplt      0x08004f5c        0x0 /Applications/STM32CubeIDE.app/Contents/Eclipse/plugins/com.st.stm32cube.ide.mcu.externaltools.gnu-tools-for-stm32.13.3.rel1.macos64_1.0.100.202509120712/tools/bin/../lib/gcc/arm-none-eabi/13.3.1/thumb/v7e-m+fp/hard/crtbegin.o

.data           0x20000000        0xc load address 0x08004f5c
                0x20000000                        . = ALIGN (0x4)
                0x20000000                        _sdata = .
 *(.data)
 *(.data*)
 .data.SystemCoreClock
                0x20000000        0x4 ./Core/Src/system_stm32f3xx.o
                0x20000000                SystemCoreClock
 .data.uwTickPrio
                0x20000004        0x4 ./Drivers/STM32F3xx_HAL_Driver/Src/stm32f3xx_hal.o
                0x20000004                uwTickPrio
 .data.uwTickFreq
                0x20000008        0x1 ./Drivers/STM32F3xx_HAL_Driver/Src/stm32f3xx_hal.o
                0x20000008                uwTickFreq
 *(.RamFunc)
 *(.RamFunc*)
                0x2000000c                        . = ALIGN (0x4)
 *fill*         0x20000009        0x3 
                0x2000000c                        _edata = .

.igot.plt       0x2000000c        0x0 load address 0x08004f68
 .igot.plt      0x2000000c        0x0 /Applications/STM32CubeIDE.app/Contents/Eclipse/plugins/com.st.stm32cube.ide.mcu.externaltools.gnu-tools-for-stm32.13.3.rel1.macos64_1.0.100.202509120712/tools/bin/../lib/gcc/arm-none-eabi/13.3.1/thumb/v7e-m+fp/hard/crtbegin.o
                0x2000000c                        . = ALIGN (0x4)

.bss            0x2000000c      0x254 load address 0x08004f68
                0x2000000c                        _sbss = .
                0x2000000c                        __bss_start__ = _sbss
 *(.bss)
 .bss           0x2000000c       0x1c /Applications/STM32CubeIDE.app/Contents/Eclipse/plugins/com.st.stm32cube.ide.mcu.externaltools.gnu-tools-for-stm32.13.3.rel1.macos64_1.0.100.202509120712/tools/bin/../lib/gcc/arm-none-eabi/13.3.1/thumb/v7e-m+fp/hard/crtbegin.o
 *(.bss*)
 .bss.hadc1     0x20000028       0x50 ./Core/Src/adc.o
                0x20000028                hadc1
 .bss.hdma_adc1
                0x20000078       0x44 ./Core/Src/adc.o
                0x20000078                hdma_adc1
 .bss.hcan      0x200000bc       0x28 ./Core/Src/can.o
                0x200000bc                hcan
 .bss.SHUTDOWN  0x200000e4        0x1 ./Core/Src/main.o
                0x200000e4                SHUTDOWN
 .bss.VOLTAGE_NSAFE
                0x200000e5        0x1 ./Core/Src/main.o
                0x200000e5                VOLTAGE_NSAFE
 .bss.THERM_NSAFE
                0x200000e6        0x1 ./Core/Src/main.o
                0x200000e6                THERM_NSAFE
 .bss.CURRENT_NSAFE
                0x200000e7        0x1 ./Core/Src/main.o
                0x200000e7                CURRENT_NSAFE
 .bss.TxHeader  0x200000e8       0x18 ./Core/Src/main.o
                0x200000e8                TxHeader
 .bss.RxHeader  0x20000100       0x1c ./Core/Src/main.o
                0x20000100                RxHeader
 .bss.TxData    0x2000011c        0x8 ./Core/Src/main.o
                0x2000011c                TxData
 .bss.RxData    0x20000124        0x8 ./Core/Src/main.o
                0x20000124                RxData
 .bss.TxMailbox
                0x2000012c        0x4 ./Core/Src/main.o
                0x2000012c                TxMailbox
 .bss.hspi1     0x20000130       0x64 ./Core/Src/spi.o
                0x20000130                hspi1
 .bss.hspi2     0x20000194       0x64 ./Core/Src/spi.o
                0x20000194                hspi2
 .bss.hspi3     0x200001f8       0x64 ./Core/Src/spi.o
                0x200001f8                hspi3
 .bss.uwTick    0x2000025c        0x4 ./Drivers/STM32F3xx_HAL_Driver/Src/stm32f3xx_hal.o
                0x2000025c                uwTick
 *(COMMON)
                0x20000260                        . = ALIGN (0x4)
                0x20000260                        _ebss = .
                0x20000260                        __bss_end__ = _ebss

._user_heap_stack
                0x20000260      0x600 load address 0x08004f68
                0x20000260                        . = ALIGN (0x8)
                [!provide]                        PROVIDE (end = .)
                0x20000260                        PROVIDE (_end = .)
                0x20000460                        . = (. + _Min_Heap_Size)
 *fill*         0x20000260      0x200 
                0x20000860                        . = (. + _Min_Stack_Size)
 *fill*         0x20000460      0x400 
                0x20000860                        . = ALIGN (0x8)

/DISCARD/
 libc.a(*)
 libm.a(*)
 libgcc.a(*)

.ARM.attributes
                0x00000000       0x30
 *(.ARM.attributes)
 .ARM.attributes
                0x00000000       0x22 /Applications/STM32CubeIDE.app/Contents/Eclipse/plugins/com.st.stm32cube.ide.mcu.externaltools.gnu-tools-for-stm32.13.3.rel1.macos64_1.0.100.202509120712/tools/bin/../lib/gcc/arm-none-eabi/13.3.1/thumb/v7e-m+fp/hard/crti.o
 .ARM.attributes
                0x00000022       0x34 /Applications/STM32CubeIDE.app/Contents/Eclipse/plugins/com.st.stm32cube.ide.mcu.externaltools.gnu-tools-for-stm32.13.3.rel1.macos64_1.0.100.202509120712/tools/bin/../lib/gcc/arm-none-eabi/13.3.1/thumb/v7e-m+fp/hard/crtbegin.o
 .ARM.attributes
                0x00000056       0x34 ./Core/Src/adc.o
 .ARM.attributes
                0x0000008a       0x34 ./Core/Src/can.o
 .ARM.attributes
                0x000000be       0x34 ./Core/Src/can_decode.o
 .ARM.attributes
                0x000000f2       0x34 ./Core/Src/can_encode.o
 .ARM.attributes
                0x00000126       0x34 ./Core/Src/dma.o
 .ARM.attributes
                0x0000015a       0x34 ./Core/Src/gpio.o
 .ARM.attributes
                0x0000018e       0x34 ./Core/Src/main.o
 .ARM.attributes
                0x000001c2       0x34 ./Core/Src/spi.o
 .ARM.attributes
                0x000001f6       0x34 ./Core/Src/stm32f3xx_hal_msp.o
 .ARM.attributes
                0x0000022a       0x34 ./Core/Src/stm32f3xx_it.o
 .ARM.attributes
                0x0000025e       0x34 ./Core/Src/system_stm32f3xx.o
 .ARM.attributes
                0x00000292       0x21 ./Core/Startup/startup_stm32f302retx.o
 .ARM.attributes
                0x000002b3       0x34 ./Drivers/STM32F3xx_HAL_Driver/Src/stm32f3xx_hal.o
 .ARM.attributes
                0x000002e7       0x34 ./Drivers/STM32F3xx_HAL_Driver/Src/stm32f3xx_hal_adc_ex.o
 .ARM.attributes
                0x0000031b       0x34 ./Drivers/STM32F3xx_HAL_Driver/Src/stm32f3xx_hal_can.o
 .ARM.attributes
                0x0000034f       0x34 ./Drivers/STM32F3xx_HAL_Driver/Src/stm32f3xx_hal_cortex.o
 .ARM.attributes
                0x00000383       0x34 ./Drivers/STM32F3xx_HAL_Driver/Src/stm32f3xx_hal_dma.o
 .ARM.attributes
                0x000003b7       0x34 ./Drivers/STM32F3xx_HAL_Driver/Src/stm32f3xx_hal_gpio.o
 .ARM.attributes
                0x000003eb       0x34 ./Drivers/STM32F3xx_HAL_Driver/Src/stm32f3xx_hal_rcc.o
 .ARM.attributes
                0x0000041f       0x34 ./Drivers/STM32F3xx_HAL_Driver/Src/stm32f3xx_hal_rcc_ex.o
 .ARM.attributes
                0x00000453       0x34 ./Drivers/STM32F3xx_HAL_Driver/Src/stm32f3xx_hal_spi.o
 .ARM.attributes
                0x00000487       0x34 /Applications/STM32CubeIDE.app/Contents/Eclipse/plugins/com.st.stm32cube.ide.mcu.externaltools.gnu-tools-for-stm32.13.3.rel1.macos64_1.0.100.202509120712/tools/bin/../lib/gcc/arm-none-eabi/13.3.1/../../../../arm-none-eabi/lib/thumb/v7e-m+fp/hard/libc_nano.a(libc_a-memset.o)
 .ARM.attributes
                0x000004bb       0x34 /Applications/STM32CubeIDE.app/Contents/Eclipse/plugins/com.st.stm32cube.ide.mcu.externaltools.gnu-tools-for-stm32.13.3.rel1.macos64_1.0.100.202509120712/tools/bin/../lib/gcc/arm-none-eabi/13.3.1/../../../../arm-none-eabi/lib/thumb/v7e-m+fp/hard/libc_nano.a(libc_a-init.o)
 .ARM.attributes
                0x000004ef       0x22 /Applications/STM32CubeIDE.app/Contents/Eclipse/plugins/com.st.stm32cube.ide.mcu.externaltools.gnu-tools-for-stm32.13.3.rel1.macos64_1.0.100.202509120712/tools/bin/../lib/gcc/arm-none-eabi/13.3.1/thumb/v7e-m+fp/hard/crtn.o
OUTPUT(EV26_BMS_SM_V1.elf elf32-littlearm)
LOAD linker stubs
LOAD /Applications/STM32CubeIDE.app/Contents/Eclipse/plugins/com.st.stm32cube.ide.mcu.externaltools.gnu-tools-for-stm32.13.3.rel1.macos64_1.0.100.202509120712/tools/bin/../lib/gcc/arm-none-eabi/13.3.1/../../../../arm-none-eabi/lib/thumb/v7e-m+fp/hard/libc.a
LOAD /Applications/STM32CubeIDE.app/Contents/Eclipse/plugins/com.st.stm32cube.ide.mcu.externaltools.gnu-tools-for-stm32.13.3.rel1.macos64_1.0.100.202509120712/tools/bin/../lib/gcc/arm-none-eabi/13.3.1/../../../../arm-none-eabi/lib/thumb/v7e-m+fp/hard/libm.a
LOAD /Applications/STM32CubeIDE.app/Contents/Eclipse/plugins/com.st.stm32cube.ide.mcu.externaltools.gnu-tools-for-stm32.13.3.rel1.macos64_1.0.100.202509120712/tools/bin/../lib/gcc/arm-none-eabi/13.3.1/thumb/v7e-m+fp/hard/libgcc.a

.debug_info     0x00000000     0xc0f7
 .debug_info    0x00000000      0xab5 ./Core/Src/adc.o
 .debug_info    0x00000ab5      0x965 ./Core/Src/can.o
 .debug_info    0x0000141a      0x50a ./Core/Src/can_decode.o
 .debug_info    0x00001924      0x46a ./Core/Src/can_encode.o
 .debug_info    0x00001d8e      0x365 ./Core/Src/dma.o
 .debug_info    0x000020f3      0x359 ./Core/Src/gpio.o
 .debug_info    0x0000244c      0xfd1 ./Core/Src/main.o
 .debug_info    0x0000341d      0x907 ./Core/Src/spi.o
 .debug_info    0x00003d24      0x18d ./Core/Src/stm32f3xx_hal_msp.o
 .debug_info    0x00003eb1      0x73b ./Core/Src/stm32f3xx_it.o
 .debug_info    0x000045ec      0x407 ./Core/Src/system_stm32f3xx.o
 .debug_info    0x000049f3       0x30 ./Core/Startup/startup_stm32f302retx.o
 .debug_info    0x00004a23      0x7bc ./Drivers/STM32F3xx_HAL_Driver/Src/stm32f3xx_hal.o
 .debug_info    0x000051df     0x15b2 ./Drivers/STM32F3xx_HAL_Driver/Src/stm32f3xx_hal_adc_ex.o
 .debug_info    0x00006791      0xf0e ./Drivers/STM32F3xx_HAL_Driver/Src/stm32f3xx_hal_can.o
 .debug_info    0x0000769f      0xccc ./Drivers/STM32F3xx_HAL_Driver/Src/stm32f3xx_hal_cortex.o
 .debug_info    0x0000836b      0x6e1 ./Drivers/STM32F3xx_HAL_Driver/Src/stm32f3xx_hal_dma.o
 .debug_info    0x00008a4c      0x5fe ./Drivers/STM32F3xx_HAL_Driver/Src/stm32f3xx_hal_gpio.o
 .debug_info    0x0000904a     0x149a ./Drivers/STM32F3xx_HAL_Driver/Src/stm32f3xx_hal_rcc.o
 .debug_info    0x0000a4e4      0x5f1 ./Drivers/STM32F3xx_HAL_Driver/Src/stm32f3xx_hal_rcc_ex.o
 .debug_info    0x0000aad5     0x1622 ./Drivers/STM32F3xx_HAL_Driver/Src/stm32f3xx_hal_spi.o

.debug_abbrev   0x00000000     0x2614
 .debug_abbrev  0x00000000      0x218 ./Core/Src/adc.o
 .debug_abbrev  0x00000218      0x21a ./Core/Src/can.o
 .debug_abbrev  0x00000432       0xd5 ./Core/Src/can_decode.o
 .debug_abbrev  0x00000507       0xe8 ./Core/Src/can_encode.o
 .debug_abbrev  0x000005ef       0xfc ./Core/Src/dma.o
 .debug_abbrev  0x000006eb      0x151 ./Core/Src/gpio.o
 .debug_abbrev  0x0000083c      0x2c2 ./Core/Src/main.o
 .debug_abbrev  0x00000afe      0x1f7 ./Core/Src/spi.o
 .debug_abbrev  0x00000cf5       0xc6 ./Core/Src/stm32f3xx_hal_msp.o
 .debug_abbrev  0x00000dbb      0x1db ./Core/Src/stm32f3xx_it.o
 .debug_abbrev  0x00000f96      0x11a ./Core/Src/system_stm32f3xx.o
 .debug_abbrev  0x000010b0       0x24 ./Core/Startup/startup_stm32f302retx.o
 .debug_abbrev  0x000010d4      0x215 ./Drivers/STM32F3xx_HAL_Driver/Src/stm32f3xx_hal.o
 .debug_abbrev  0x000012e9      0x28e ./Drivers/STM32F3xx_HAL_Driver/Src/stm32f3xx_hal_adc_ex.o
 .debug_abbrev  0x00001577      0x21e ./Drivers/STM32F3xx_HAL_Driver/Src/stm32f3xx_hal_can.o
 .debug_abbrev  0x00001795      0x31e ./Drivers/STM32F3xx_HAL_Driver/Src/stm32f3xx_hal_cortex.o
 .debug_abbrev  0x00001ab3      0x20d ./Drivers/STM32F3xx_HAL_Driver/Src/stm32f3xx_hal_dma.o
 .debug_abbrev  0x00001cc0      0x1ca ./Drivers/STM32F3xx_HAL_Driver/Src/stm32f3xx_hal_gpio.o
 .debug_abbrev  0x00001e8a      0x300 ./Drivers/STM32F3xx_HAL_Driver/Src/stm32f3xx_hal_rcc.o
 .debug_abbrev  0x0000218a      0x221 ./Drivers/STM32F3xx_HAL_Driver/Src/stm32f3xx_hal_rcc_ex.o
 .debug_abbrev  0x000023ab      0x269 ./Drivers/STM32F3xx_HAL_Driver/Src/stm32f3xx_hal_spi.o

.debug_aranges  0x00000000      0xaa8
 .debug_aranges
                0x00000000       0x30 ./Core/Src/adc.o
 .debug_aranges
                0x00000030       0x30 ./Core/Src/can.o
 .debug_aranges
                0x00000060       0x48 ./Core/Src/can_decode.o
 .debug_aranges
                0x000000a8       0x48 ./Core/Src/can_encode.o
 .debug_aranges
                0x000000f0       0x20 ./Core/Src/dma.o
 .debug_aranges
                0x00000110       0x20 ./Core/Src/gpio.o
 .debug_aranges
                0x00000130       0x38 ./Core/Src/main.o
 .debug_aranges
                0x00000168       0x40 ./Core/Src/spi.o
 .debug_aranges
                0x000001a8       0x20 ./Core/Src/stm32f3xx_hal_msp.o
 .debug_aranges
                0x000001c8       0x70 ./Core/Src/stm32f3xx_it.o
 .debug_aranges
                0x00000238       0x28 ./Core/Src/system_stm32f3xx.o
 .debug_aranges
                0x00000260       0x28 ./Core/Startup/startup_stm32f302retx.o
 .debug_aranges
                0x00000288       0xe0 ./Drivers/STM32F3xx_HAL_Driver/Src/stm32f3xx_hal.o
 .debug_aranges
                0x00000368      0x168 ./Drivers/STM32F3xx_HAL_Driver/Src/stm32f3xx_hal_adc_ex.o
 .debug_aranges
                0x000004d0      0x138 ./Drivers/STM32F3xx_HAL_Driver/Src/stm32f3xx_hal_can.o
 .debug_aranges
                0x00000608      0x128 ./Drivers/STM32F3xx_HAL_Driver/Src/stm32f3xx_hal_cortex.o
 .debug_aranges
                0x00000730       0x88 ./Drivers/STM32F3xx_HAL_Driver/Src/stm32f3xx_hal_dma.o
 .debug_aranges
                0x000007b8       0x58 ./Drivers/STM32F3xx_HAL_Driver/Src/stm32f3xx_hal_gpio.o
 .debug_aranges
                0x00000810       0x88 ./Drivers/STM32F3xx_HAL_Driver/Src/stm32f3xx_hal_rcc.o
 .debug_aranges
                0x00000898       0x38 ./Drivers/STM32F3xx_HAL_Driver/Src/stm32f3xx_hal_rcc_ex.o
 .debug_aranges
                0x000008d0      0x1d8 ./Drivers/STM32F3xx_HAL_Driver/Src/stm32f3xx_hal_spi.o

.debug_rnglists
                0x00000000      0x7ff
 .debug_rnglists
                0x00000000       0x21 ./Core/Src/adc.o
 .debug_rnglists
                0x00000021       0x20 ./Core/Src/can.o
 .debug_rnglists
                0x00000041       0x36 ./Core/Src/can_decode.o
 .debug_rnglists
                0x00000077       0x37 ./Core/Src/can_encode.o
 .debug_rnglists
                0x000000ae       0x13 ./Core/Src/dma.o
 .debug_rnglists
                0x000000c1       0x14 ./Core/Src/gpio.o
 .debug_rnglists
                0x000000d5       0x28 ./Core/Src/main.o
 .debug_rnglists
                0x000000fd       0x2d ./Core/Src/spi.o
 .debug_rnglists
                0x0000012a       0x13 ./Core/Src/stm32f3xx_hal_msp.o
 .debug_rnglists
                0x0000013d       0x4f ./Core/Src/stm32f3xx_it.o
 .debug_rnglists
                0x0000018c       0x1a ./Core/Src/system_stm32f3xx.o
 .debug_rnglists
                0x000001a6       0x19 ./Core/Startup/startup_stm32f302retx.o
 .debug_rnglists
                0x000001bf       0xa3 ./Drivers/STM32F3xx_HAL_Driver/Src/stm32f3xx_hal.o
 .debug_rnglists
                0x00000262      0x126 ./Drivers/STM32F3xx_HAL_Driver/Src/stm32f3xx_hal_adc_ex.o
 .debug_rnglists
                0x00000388       0xee ./Drivers/STM32F3xx_HAL_Driver/Src/stm32f3xx_hal_can.o
 .debug_rnglists
                0x00000476       0xda ./Drivers/STM32F3xx_HAL_Driver/Src/stm32f3xx_hal_cortex.o
 .debug_rnglists
                0x00000550       0x69 ./Drivers/STM32F3xx_HAL_Driver/Src/stm32f3xx_hal_dma.o
 .debug_rnglists
                0x000005b9       0x3f ./Drivers/STM32F3xx_HAL_Driver/Src/stm32f3xx_hal_gpio.o
 .debug_rnglists
                0x000005f8       0x66 ./Drivers/STM32F3xx_HAL_Driver/Src/stm32f3xx_hal_rcc.o
 .debug_rnglists
                0x0000065e       0x29 ./Drivers/STM32F3xx_HAL_Driver/Src/stm32f3xx_hal_rcc_ex.o
 .debug_rnglists
                0x00000687      0x178 ./Drivers/STM32F3xx_HAL_Driver/Src/stm32f3xx_hal_spi.o

.debug_macro    0x00000000    0x20143
 .debug_macro   0x00000000      0x200 ./Core/Src/adc.o
 .debug_macro   0x00000200      0xad8 ./Core/Src/adc.o
 .debug_macro   0x00000cd8      0x164 ./Core/Src/adc.o
 .debug_macro   0x00000e3c       0x2e ./Core/Src/adc.o
 .debug_macro   0x00000e6a       0x28 ./Core/Src/adc.o
 .debug_macro   0x00000e92       0x22 ./Core/Src/adc.o
 .debug_macro   0x00000eb4       0x8e ./Core/Src/adc.o
 .debug_macro   0x00000f42       0x51 ./Core/Src/adc.o
 .debug_macro   0x00000f93      0x103 ./Core/Src/adc.o
 .debug_macro   0x00001096       0x6a ./Core/Src/adc.o
 .debug_macro   0x00001100      0x1df ./Core/Src/adc.o
 .debug_macro   0x000012df       0x1c ./Core/Src/adc.o
 .debug_macro   0x000012fb       0x22 ./Core/Src/adc.o
 .debug_macro   0x0000131d       0xd9 ./Core/Src/adc.o
 .debug_macro   0x000013f6     0x102d ./Core/Src/adc.o
 .debug_macro   0x00002423      0x11f ./Core/Src/adc.o
 .debug_macro   0x00002542    0x1402f ./Core/Src/adc.o
 .debug_macro   0x00016571       0x6d ./Core/Src/adc.o
 .debug_macro   0x000165de     0x3574 ./Core/Src/adc.o
 .debug_macro   0x00019b52      0x190 ./Core/Src/adc.o
 .debug_macro   0x00019ce2       0x55 ./Core/Src/adc.o
 .debug_macro   0x00019d37      0x953 ./Core/Src/adc.o
 .debug_macro   0x0001a68a      0x6d7 ./Core/Src/adc.o
 .debug_macro   0x0001ad61      0x1b5 ./Core/Src/adc.o
 .debug_macro   0x0001af16      0x1ca ./Core/Src/adc.o
 .debug_macro   0x0001b0e0      0x1ea ./Core/Src/adc.o
 .debug_macro   0x0001b2ca      0x1bc ./Core/Src/adc.o
 .debug_macro   0x0001b486       0x30 ./Core/Src/adc.o
 .debug_macro   0x0001b4b6       0x3c ./Core/Src/adc.o
 .debug_macro   0x0001b4f2      0x235 ./Core/Src/adc.o
 .debug_macro   0x0001b727      0x861 ./Core/Src/adc.o
 .debug_macro   0x0001bf88       0x77 ./Core/Src/adc.o
 .debug_macro   0x0001bfff      0x408 ./Core/Src/adc.o
 .debug_macro   0x0001c407       0xc5 ./Core/Src/adc.o
 .debug_macro   0x0001c4cc      0x21d ./Core/Src/adc.o
 .debug_macro   0x0001c6e9      0x22c ./Core/Src/adc.o
 .debug_macro   0x0001c915       0x5b ./Core/Src/adc.o
 .debug_macro   0x0001c970       0xa5 ./Core/Src/adc.o
 .debug_macro   0x0001ca15       0x81 ./Core/Src/adc.o
 .debug_macro   0x0001ca96       0xd3 ./Core/Src/adc.o
 .debug_macro   0x0001cb69      0x2fe ./Core/Src/adc.o
 .debug_macro   0x0001ce67      0x275 ./Core/Src/adc.o
 .debug_macro   0x0001d0dc       0xe8 ./Core/Src/adc.o
 .debug_macro   0x0001d1c4      0x200 ./Core/Src/can.o
 .debug_macro   0x0001d3c4      0x140 ./Core/Src/can_decode.o
 .debug_macro   0x0001d504       0x61 ./Core/Src/can_decode.o
 .debug_macro   0x0001d565       0x2a ./Core/Src/can_decode.o
 .debug_macro   0x0001d58f       0x43 ./Core/Src/can_decode.o
 .debug_macro   0x0001d5d2       0x34 ./Core/Src/can_decode.o
 .debug_macro   0x0001d606      0x370 ./Core/Src/can_decode.o
 .debug_macro   0x0001d976       0x16 ./Core/Src/can_decode.o
 .debug_macro   0x0001d98c       0x4a ./Core/Src/can_decode.o
 .debug_macro   0x0001d9d6       0x34 ./Core/Src/can_decode.o
 .debug_macro   0x0001da0a       0x10 ./Core/Src/can_decode.o
 .debug_macro   0x0001da1a       0x58 ./Core/Src/can_decode.o
 .debug_macro   0x0001da72       0x8e ./Core/Src/can_decode.o
 .debug_macro   0x0001db00       0x1c ./Core/Src/can_decode.o
 .debug_macro   0x0001db1c      0x185 ./Core/Src/can_decode.o
 .debug_macro   0x0001dca1       0x10 ./Core/Src/can_decode.o
 .debug_macro   0x0001dcb1       0x3c ./Core/Src/can_decode.o
 .debug_macro   0x0001dced       0x20 ./Core/Src/can_decode.o
 .debug_macro   0x0001dd0d      0x140 ./Core/Src/can_encode.o
 .debug_macro   0x0001de4d      0x200 ./Core/Src/dma.o
 .debug_macro   0x0001e04d      0x200 ./Core/Src/gpio.o
 .debug_macro   0x0001e24d      0x35b ./Core/Src/main.o
 .debug_macro   0x0001e5a8       0x16 ./Core/Src/main.o
 .debug_macro   0x0001e5be       0x10 ./Core/Src/main.o
 .debug_macro   0x0001e5ce       0x16 ./Core/Src/main.o
 .debug_macro   0x0001e5e4       0x16 ./Core/Src/main.o
 .debug_macro   0x0001e5fa      0x146 ./Core/Src/main.o
 .debug_macro   0x0001e740       0x22 ./Core/Src/main.o
 .debug_macro   0x0001e762       0x16 ./Core/Src/main.o
 .debug_macro   0x0001e778       0x16 ./Core/Src/main.o
 .debug_macro   0x0001e78e       0x29 ./Core/Src/main.o
 .debug_macro   0x0001e7b7      0x200 ./Core/Src/spi.o
 .debug_macro   0x0001e9b7      0x1f6 ./Core/Src/stm32f3xx_hal_msp.o
 .debug_macro   0x0001ebad      0x200 ./Core/Src/stm32f3xx_it.o
 .debug_macro   0x0001edad      0x1e7 ./Core/Src/system_stm32f3xx.o
 .debug_macro   0x0001ef94      0x20b ./Drivers/STM32F3xx_HAL_Driver/Src/stm32f3xx_hal.o
 .debug_macro   0x0001f19f      0x211 ./Drivers/STM32F3xx_HAL_Driver/Src/stm32f3xx_hal_adc_ex.o
 .debug_macro   0x0001f3b0      0x1f6 ./Drivers/STM32F3xx_HAL_Driver/Src/stm32f3xx_hal_can.o
 .debug_macro   0x0001f5a6      0x1e7 ./Drivers/STM32F3xx_HAL_Driver/Src/stm32f3xx_hal_cortex.o
 .debug_macro   0x0001f78d      0x1e7 ./Drivers/STM32F3xx_HAL_Driver/Src/stm32f3xx_hal_dma.o
 .debug_macro   0x0001f974      0x1ee ./Drivers/STM32F3xx_HAL_Driver/Src/stm32f3xx_hal_gpio.o
 .debug_macro   0x0001fb62      0x20b ./Drivers/STM32F3xx_HAL_Driver/Src/stm32f3xx_hal_rcc.o
 .debug_macro   0x0001fd6d      0x1e7 ./Drivers/STM32F3xx_HAL_Driver/Src/stm32f3xx_hal_rcc_ex.o
 .debug_macro   0x0001ff54      0x1ef ./Drivers/STM32F3xx_HAL_Driver/Src/stm32f3xx_hal_spi.o

.debug_line     0x00000000     0xfb8b
 .debug_line    0x00000000      0x802 ./Core/Src/adc.o
 .debug_line    0x00000802      0x7a8 ./Core/Src/can.o
 .debug_line    0x00000faa      0x74f ./Core/Src/can_decode.o
 .debug_line    0x000016f9      0x772 ./Core/Src/can_encode.o
 .debug_line    0x00001e6b      0x71f ./Core/Src/dma.o
 .debug_line    0x0000258a      0x775 ./Core/Src/gpio.o
 .debug_line    0x00002cff      0xaad ./Core/Src/main.o
 .debug_line    0x000037ac      0x8a0 ./Core/Src/spi.o
 .debug_line    0x0000404c      0x723 ./Core/Src/stm32f3xx_hal_msp.o
 .debug_line    0x0000476f      0x802 ./Core/Src/stm32f3xx_it.o
 .debug_line    0x00004f71      0x7a2 ./Core/Src/system_stm32f3xx.o
 .debug_line    0x00005713       0x7a ./Core/Startup/startup_stm32f302retx.o
 .debug_line    0x0000578d      0x9d9 ./Drivers/STM32F3xx_HAL_Driver/Src/stm32f3xx_hal.o
 .debug_line    0x00006166     0x1f82 ./Drivers/STM32F3xx_HAL_Driver/Src/stm32f3xx_hal_adc_ex.o
 .debug_line    0x000080e8     0x11ca ./Drivers/STM32F3xx_HAL_Driver/Src/stm32f3xx_hal_can.o
 .debug_line    0x000092b2      0xca4 ./Drivers/STM32F3xx_HAL_Driver/Src/stm32f3xx_hal_cortex.o
 .debug_line    0x00009f56      0xcc7 ./Drivers/STM32F3xx_HAL_Driver/Src/stm32f3xx_hal_dma.o
 .debug_line    0x0000ac1d      0xb4c ./Drivers/STM32F3xx_HAL_Driver/Src/stm32f3xx_hal_gpio.o
 .debug_line    0x0000b769     0x1550 ./Drivers/STM32F3xx_HAL_Driver/Src/stm32f3xx_hal_rcc.o
 .debug_line    0x0000ccb9      0xe68 ./Drivers/STM32F3xx_HAL_Driver/Src/stm32f3xx_hal_rcc_ex.o
 .debug_line    0x0000db21     0x206a ./Drivers/STM32F3xx_HAL_Driver/Src/stm32f3xx_hal_spi.o

.debug_str      0x00000000    0xbd110
 .debug_str     0x00000000    0xbd110 ./Core/Src/adc.o
                              0xb6bd4 (size before relaxing)
 .debug_str     0x000bd110        0x0 ./Core/Src/can.o
                              0xb6d7f (size before relaxing)
 .debug_str     0x000bd110        0x0 ./Core/Src/can_decode.o
                               0x756c (size before relaxing)
 .debug_str     0x000bd110        0x0 ./Core/Src/can_encode.o
                               0x74b7 (size before relaxing)
 .debug_str     0x000bd110        0x0 ./Core/Src/dma.o
                              0xb69b5 (size before relaxing)
 .debug_str     0x000bd110        0x0 ./Core/Src/gpio.o
                              0xb6659 (size before relaxing)
 .debug_str     0x000bd110        0x0 ./Core/Src/main.o
                              0xba8f1 (size before relaxing)
 .debug_str     0x000bd110        0x0 ./Core/Src/spi.o
                              0xb6ab1 (size before relaxing)
 .debug_str     0x000bd110        0x0 ./Core/Src/stm32f3xx_hal_msp.o
                              0xb658e (size before relaxing)
 .debug_str     0x000bd110        0x0 ./Core/Src/stm32f3xx_it.o
                              0xb6a73 (size before relaxing)
 .debug_str     0x000bd110        0x0 ./Core/Src/system_stm32f3xx.o
                              0xb6224 (size before relaxing)
 .debug_str     0x000bd110        0x0 ./Core/Startup/startup_stm32f302retx.o
                                 0x88 (size before relaxing)
 .debug_str     0x000bd110        0x0 ./Drivers/STM32F3xx_HAL_Driver/Src/stm32f3xx_hal.o
                              0xb6a28 (size before relaxing)
 .debug_str     0x000bd110        0x0 ./Drivers/STM32F3xx_HAL_Driver/Src/stm32f3xx_hal_adc_ex.o
                              0xb6f2a (size before relaxing)
 .debug_str     0x000bd110        0x0 ./Drivers/STM32F3xx_HAL_Driver/Src/stm32f3xx_hal_can.o
                              0xb69b3 (size before relaxing)
 .debug_str     0x000bd110        0x0 ./Drivers/STM32F3xx_HAL_Driver/Src/stm32f3xx_hal_cortex.o
                              0xb6aac (size before relaxing)
 .debug_str     0x000bd110        0x0 ./Drivers/STM32F3xx_HAL_Driver/Src/stm32f3xx_hal_dma.o
                              0xb656c (size before relaxing)
 .debug_str     0x000bd110        0x0 ./Drivers/STM32F3xx_HAL_Driver/Src/stm32f3xx_hal_gpio.o
                              0xb639a (size before relaxing)
 .debug_str     0x000bd110        0x0 ./Drivers/STM32F3xx_HAL_Driver/Src/stm32f3xx_hal_rcc.o
                              0xb66c8 (size before relaxing)
 .debug_str     0x000bd110        0x0 ./Drivers/STM32F3xx_HAL_Driver/Src/stm32f3xx_hal_rcc_ex.o
                              0xb64d7 (size before relaxing)
 .debug_str     0x000bd110        0x0 ./Drivers/STM32F3xx_HAL_Driver/Src/stm32f3xx_hal_spi.o
                              0xb6b4a (size before relaxing)

.comment        0x00000000       0x43
 .comment       0x00000000       0x43 ./Core/Src/adc.o
                                 0x44 (size before relaxing)
 .comment       0x00000043        0x0 ./Core/Src/can.o
                                 0x44 (size before relaxing)
 .comment       0x00000043        0x0 ./Core/Src/can_decode.o
                                 0x44 (size before relaxing)
 .comment       0x00000043        0x0 ./Core/Src/can_encode.o
                                 0x44 (size before relaxing)
 .comment       0x00000043        0x0 ./Core/Src/dma.o
                                 0x44 (size before relaxing)
 .comment       0x00000043        0x0 ./Core/Src/gpio.o
                                 0x44 (size before relaxing)
 .comment       0x00000043        0x0 ./Core/Src/main.o
                                 0x44 (size before relaxing)
 .comment       0x00000043        0x0 ./Core/Src/spi.o
                                 0x44 (size before relaxing)
 .comment       0x00000043        0x0 ./Core/Src/stm32f3xx_hal_msp.o
                                 0x44 (size before relaxing)
 .comment       0x00000043        0x0 ./Core/Src/stm32f3xx_it.o
                                 0x44 (size before relaxing)
 .comment       0x00000043        0x0 ./Core/Src/system_stm32f3xx.o
                                 0x44 (size before relaxing)
 .comment       0x00000043        0x0 ./Drivers/STM32F3xx_HAL_Driver/Src/stm32f3xx_hal.o
                                 0x44 (size before relaxing)
 .comment       0x00000043        0x0 ./Drivers/STM32F3xx_HAL_Driver/Src/stm32f3xx_hal_adc_ex.o
                                 0x44 (size before relaxing)
 .comment       0x00000043        0x0 ./Drivers/STM32F3xx_HAL_Driver/Src/stm32f3xx_hal_can.o
                                 0x44 (size before relaxing)
 .comment       0x00000043        0x0 ./Drivers/STM32F3xx_HAL_Driver/Src/stm32f3xx_hal_cortex.o
                                 0x44 (size before relaxing)
 .comment       0x00000043        0x0 ./Drivers/STM32F3xx_HAL_Driver/Src/stm32f3xx_hal_dma.o
                                 0x44 (size before relaxing)
 .comment       0x00000043        0x0 ./Drivers/STM32F3xx_HAL_Driver/Src/stm32f3xx_hal_gpio.o
                                 0x44 (size before relaxing)
 .comment       0x00000043        0x0 ./Drivers/STM32F3xx_HAL_Driver/Src/stm32f3xx_hal_rcc.o
                                 0x44 (size before relaxing)
 .comment       0x00000043        0x0 ./Drivers/STM32F3xx_HAL_Driver/Src/stm32f3xx_hal_rcc_ex.o
                                 0x44 (size before relaxing)
 .comment       0x00000043        0x0 ./Drivers/STM32F3xx_HAL_Driver/Src/stm32f3xx_hal_spi.o
                                 0x44 (size before relaxing)

.debug_frame    0x00000000     0x2928
 .debug_frame   0x00000000       0x7c ./Core/Src/adc.o
 .debug_frame   0x0000007c       0x74 ./Core/Src/can.o
 .debug_frame   0x000000f0      0x100 ./Core/Src/can_decode.o
 .debug_frame   0x000001f0       0xec ./Core/Src/can_encode.o
 .debug_frame   0x000002dc       0x34 ./Core/Src/dma.o
 .debug_frame   0x00000310       0x34 ./Core/Src/gpio.o
 .debug_frame   0x00000344       0x98 ./Core/Src/main.o
 .debug_frame   0x000003dc       0xac ./Core/Src/spi.o
 .debug_frame   0x00000488       0x38 ./Core/Src/stm32f3xx_hal_msp.o
 .debug_frame   0x000004c0      0x13c ./Core/Src/stm32f3xx_it.o
 .debug_frame   0x000005fc       0x58 ./Core/Src/system_stm32f3xx.o
 .debug_frame   0x00000654      0x334 ./Drivers/STM32F3xx_HAL_Driver/Src/stm32f3xx_hal.o
 .debug_frame   0x00000988      0x638 ./Drivers/STM32F3xx_HAL_Driver/Src/stm32f3xx_hal_adc_ex.o
 .debug_frame   0x00000fc0      0x5a0 ./Drivers/STM32F3xx_HAL_Driver/Src/stm32f3xx_hal_can.o
 .debug_frame   0x00001560      0x4e8 ./Drivers/STM32F3xx_HAL_Driver/Src/stm32f3xx_hal_cortex.o
 .debug_frame   0x00001a48      0x224 ./Drivers/STM32F3xx_HAL_Driver/Src/stm32f3xx_hal_dma.o
 .debug_frame   0x00001c6c      0x14c ./Drivers/STM32F3xx_HAL_Driver/Src/stm32f3xx_hal_gpio.o
 .debug_frame   0x00001db8      0x214 ./Drivers/STM32F3xx_HAL_Driver/Src/stm32f3xx_hal_rcc.o
 .debug_frame   0x00001fcc       0xb0 ./Drivers/STM32F3xx_HAL_Driver/Src/stm32f3xx_hal_rcc_ex.o
 .debug_frame   0x0000207c      0x860 ./Drivers/STM32F3xx_HAL_Driver/Src/stm32f3xx_hal_spi.o
 .debug_frame   0x000028dc       0x20 /Applications/STM32CubeIDE.app/Contents/Eclipse/plugins/com.st.stm32cube.ide.mcu.externaltools.gnu-tools-for-stm32.13.3.rel1.macos64_1.0.100.202509120712/tools/bin/../lib/gcc/arm-none-eabi/13.3.1/../../../../arm-none-eabi/lib/thumb/v7e-m+fp/hard/libc_nano.a(libc_a-memset.o)
 .debug_frame   0x000028fc       0x2c /Applications/STM32CubeIDE.app/Contents/Eclipse/plugins/com.st.stm32cube.ide.mcu.externaltools.gnu-tools-for-stm32.13.3.rel1.macos64_1.0.100.202509120712/tools/bin/../lib/gcc/arm-none-eabi/13.3.1/../../../../arm-none-eabi/lib/thumb/v7e-m+fp/hard/libc_nano.a(libc_a-init.o)

.debug_line_str
                0x00000000       0x6c
 .debug_line_str
                0x00000000       0x6c ./Core/Startup/startup_stm32f302retx.o
