Archive member included to satisfy reference by file (symbol)

C:/ST/STM32CubeIDE_1.19.0/STM32CubeIDE/plugins/com.st.stm32cube.ide.mcu.externaltools.gnu-tools-for-stm32.13.3.rel1.win32_1.0.0.202411081344/tools/bin/../lib/gcc/arm-none-eabi/13.3.1/../../../../arm-none-eabi/lib/thumb/v7e-m+fp/hard\libc_nano.a(libc_a-exit.o)
                              C:/ST/STM32CubeIDE_1.19.0/STM32CubeIDE/plugins/com.st.stm32cube.ide.mcu.externaltools.gnu-tools-for-stm32.13.3.rel1.win32_1.0.0.202411081344/tools/bin/../lib/gcc/arm-none-eabi/13.3.1/../../../../arm-none-eabi/lib/thumb/v7e-m+fp/hard/crt0.o (exit)
C:/ST/STM32CubeIDE_1.19.0/STM32CubeIDE/plugins/com.st.stm32cube.ide.mcu.externaltools.gnu-tools-for-stm32.13.3.rel1.win32_1.0.0.202411081344/tools/bin/../lib/gcc/arm-none-eabi/13.3.1/../../../../arm-none-eabi/lib/thumb/v7e-m+fp/hard\libc_nano.a(libc_a-findfp.o)
                              C:/ST/STM32CubeIDE_1.19.0/STM32CubeIDE/plugins/com.st.stm32cube.ide.mcu.externaltools.gnu-tools-for-stm32.13.3.rel1.win32_1.0.0.202411081344/tools/bin/../lib/gcc/arm-none-eabi/13.3.1/../../../../arm-none-eabi/lib/thumb/v7e-m+fp/hard\libc_nano.a(libc_a-exit.o) (__stdio_exit_handler)
C:/ST/STM32CubeIDE_1.19.0/STM32CubeIDE/plugins/com.st.stm32cube.ide.mcu.externaltools.gnu-tools-for-stm32.13.3.rel1.win32_1.0.0.202411081344/tools/bin/../lib/gcc/arm-none-eabi/13.3.1/../../../../arm-none-eabi/lib/thumb/v7e-m+fp/hard\libc_nano.a(libc_a-fwalk.o)
                              C:/ST/STM32CubeIDE_1.19.0/STM32CubeIDE/plugins/com.st.stm32cube.ide.mcu.externaltools.gnu-tools-for-stm32.13.3.rel1.win32_1.0.0.202411081344/tools/bin/../lib/gcc/arm-none-eabi/13.3.1/../../../../arm-none-eabi/lib/thumb/v7e-m+fp/hard\libc_nano.a(libc_a-findfp.o) (_fwalk_sglue)
C:/ST/STM32CubeIDE_1.19.0/STM32CubeIDE/plugins/com.st.stm32cube.ide.mcu.externaltools.gnu-tools-for-stm32.13.3.rel1.win32_1.0.0.202411081344/tools/bin/../lib/gcc/arm-none-eabi/13.3.1/../../../../arm-none-eabi/lib/thumb/v7e-m+fp/hard\libc_nano.a(libc_a-stdio.o)
                              C:/ST/STM32CubeIDE_1.19.0/STM32CubeIDE/plugins/com.st.stm32cube.ide.mcu.externaltools.gnu-tools-for-stm32.13.3.rel1.win32_1.0.0.202411081344/tools/bin/../lib/gcc/arm-none-eabi/13.3.1/../../../../arm-none-eabi/lib/thumb/v7e-m+fp/hard\libc_nano.a(libc_a-findfp.o) (__sread)
C:/ST/STM32CubeIDE_1.19.0/STM32CubeIDE/plugins/com.st.stm32cube.ide.mcu.externaltools.gnu-tools-for-stm32.13.3.rel1.win32_1.0.0.202411081344/tools/bin/../lib/gcc/arm-none-eabi/13.3.1/../../../../arm-none-eabi/lib/thumb/v7e-m+fp/hard\libc_nano.a(libc_a-memset.o)
                              C:/ST/STM32CubeIDE_1.19.0/STM32CubeIDE/plugins/com.st.stm32cube.ide.mcu.externaltools.gnu-tools-for-stm32.13.3.rel1.win32_1.0.0.202411081344/tools/bin/../lib/gcc/arm-none-eabi/13.3.1/../../../../arm-none-eabi/lib/thumb/v7e-m+fp/hard/crt0.o (memset)
C:/ST/STM32CubeIDE_1.19.0/STM32CubeIDE/plugins/com.st.stm32cube.ide.mcu.externaltools.gnu-tools-for-stm32.13.3.rel1.win32_1.0.0.202411081344/tools/bin/../lib/gcc/arm-none-eabi/13.3.1/../../../../arm-none-eabi/lib/thumb/v7e-m+fp/hard\libc_nano.a(libc_a-closer.o)
                              C:/ST/STM32CubeIDE_1.19.0/STM32CubeIDE/plugins/com.st.stm32cube.ide.mcu.externaltools.gnu-tools-for-stm32.13.3.rel1.win32_1.0.0.202411081344/tools/bin/../lib/gcc/arm-none-eabi/13.3.1/../../../../arm-none-eabi/lib/thumb/v7e-m+fp/hard\libc_nano.a(libc_a-stdio.o) (_close_r)
C:/ST/STM32CubeIDE_1.19.0/STM32CubeIDE/plugins/com.st.stm32cube.ide.mcu.externaltools.gnu-tools-for-stm32.13.3.rel1.win32_1.0.0.202411081344/tools/bin/../lib/gcc/arm-none-eabi/13.3.1/../../../../arm-none-eabi/lib/thumb/v7e-m+fp/hard\libc_nano.a(libc_a-reent.o)
                              C:/ST/STM32CubeIDE_1.19.0/STM32CubeIDE/plugins/com.st.stm32cube.ide.mcu.externaltools.gnu-tools-for-stm32.13.3.rel1.win32_1.0.0.202411081344/tools/bin/../lib/gcc/arm-none-eabi/13.3.1/../../../../arm-none-eabi/lib/thumb/v7e-m+fp/hard\libc_nano.a(libc_a-closer.o) (errno)
C:/ST/STM32CubeIDE_1.19.0/STM32CubeIDE/plugins/com.st.stm32cube.ide.mcu.externaltools.gnu-tools-for-stm32.13.3.rel1.win32_1.0.0.202411081344/tools/bin/../lib/gcc/arm-none-eabi/13.3.1/../../../../arm-none-eabi/lib/thumb/v7e-m+fp/hard\libc_nano.a(libc_a-impure.o)
                              C:/ST/STM32CubeIDE_1.19.0/STM32CubeIDE/plugins/com.st.stm32cube.ide.mcu.externaltools.gnu-tools-for-stm32.13.3.rel1.win32_1.0.0.202411081344/tools/bin/../lib/gcc/arm-none-eabi/13.3.1/../../../../arm-none-eabi/lib/thumb/v7e-m+fp/hard\libc_nano.a(libc_a-reent.o) (_impure_ptr)
C:/ST/STM32CubeIDE_1.19.0/STM32CubeIDE/plugins/com.st.stm32cube.ide.mcu.externaltools.gnu-tools-for-stm32.13.3.rel1.win32_1.0.0.202411081344/tools/bin/../lib/gcc/arm-none-eabi/13.3.1/../../../../arm-none-eabi/lib/thumb/v7e-m+fp/hard\libc_nano.a(libc_a-lseekr.o)
[...]
Memory Configuration

Name             Origin             Length             Attributes
RAM              0x20000000         0x00010000         xrw
FLASH            0x08000000         0x00080000         xr
*default*        0x00000000         0xffffffff

Linker script and memory map

LOAD C:/ST/STM32CubeIDE_1.19.0/STM32CubeIDE/plugins/com.st.stm32cube.ide.mcu.externaltools.gnu-tools-for-stm32.13.3.rel1.win32_1.0.0.202411081344/tools/bin/../lib/gcc/arm-none-eabi/13.3.1/thumb/v7e-m+fp/hard/crti.o
LOAD C:/ST/STM32CubeIDE_1.19.0/STM32CubeIDE/plugins/com.st.stm32cube.ide.mcu.externaltools.gnu-tools-for-stm32.13.3.rel1.win32_1.0.0.202411081344/tools/bin/../lib/gcc/arm-none-eabi/13.3.1/thumb/v7e-m+fp/hard/crtbegin.o
LOAD C:/ST/STM32CubeIDE_1.19.0/STM32CubeIDE/plugins/com.st.stm32cube.ide.mcu.externaltools.gnu-tools-for-stm32.13.3.rel1.win32_1.0.0.202411081344/tools/bin/../lib/gcc/arm-none-eabi/13.3.1/../../../../arm-none-eabi/lib/thumb/v7e-m+fp/hard/crt0.o
LOAD ./Core/Src/DHAB124.o
LOAD ./Core/Src/main.o
LOAD ./Core/Src/stm32f3xx_hal_msp.o
LOAD ./Core/Src/stm32f3xx_it.o
LOAD ./Core/Src/syscalls.o
LOAD ./Core/Src/sysmem.o
LOAD ./Core/Src/system_stm32f3xx.o
LOAD ./Core/Startup/startup_stm32f302retx.o
LOAD ./Drivers/STM32F3xx_HAL_Driver/Src/stm32f3xx_hal.o
LOAD ./Drivers/STM32F3xx_HAL_Driver/Src/stm32f3xx_hal_adc.o
LOAD ./Drivers/STM32F3xx_HAL_Driver/Src/stm32f3xx_hal_adc_ex.o
LOAD ./Drivers/STM32F3xx_HAL_Driver/Src/stm32f3xx_hal_cortex.o
LOAD ./Drivers/STM32F3xx_HAL_Driver/Src/stm32f3xx_hal_dma.o
LOAD ./Drivers/STM32F3xx_HAL_Driver/Src/stm32f3xx_hal_exti.o
LOAD ./Drivers/STM32F3xx_HAL_Driver/Src/stm32f3xx_hal_flash.o
LOAD ./Drivers/STM32F3xx_HAL_Driver/Src/stm32f3xx_hal_flash_ex.o
LOAD ./Drivers/STM32F3xx_HAL_Driver/Src/stm32f3xx_hal_gpio.o
LOAD ./Drivers/STM32F3xx_HAL_Driver/Src/stm32f3xx_hal_i2c.o
LOAD ./Drivers/STM32F3xx_HAL_Driver/Src/stm32f3xx_hal_i2c_ex.o
LOAD ./Drivers/STM32F3xx_HAL_Driver/Src/stm32f3xx_hal_pwr.o
LOAD ./Drivers/STM32F3xx_HAL_Driver/Src/stm32f3xx_hal_pwr_ex.o
LOAD ./Drivers/STM32F3xx_HAL_Driver/Src/stm32f3xx_hal_rcc.o
LOAD ./Drivers/STM32F3xx_HAL_Driver/Src/stm32f3xx_hal_rcc_ex.o
START GROUP
LOAD C:/ST/STM32CubeIDE_1.19.0/STM32CubeIDE/plugins/com.st.stm32cube.ide.mcu.externaltools.gnu-tools-for-stm32.13.3.rel1.win32_1.0.0.202411081344/tools/bin/../lib/gcc/arm-none-eabi/13.3.1/../../../../arm-none-eabi/lib/thumb/v7e-m+fp/hard\libc_nano.a
LOAD C:/ST/STM32CubeIDE_1.19.0/STM32CubeIDE/plugins/com.st.stm32cube.ide.mcu.externaltools.gnu-tools-for-stm32.13.3.rel1.win32_1.0.0.202411081344/tools/bin/../lib/gcc/arm-none-eabi/13.3.1/../../../../arm-none-eabi/lib/thumb/v7e-m+fp/hard\libm.a
END GROUP
START GROUP
LOAD C:/ST/STM32CubeIDE_1.19.0/STM32CubeIDE/plugins/com.st.stm32cube.ide.mcu.externaltools.gnu-tools-for-stm32.13.3.rel1.win32_1.0.0.202411081344/tools/bin/../lib/gcc/arm-none-eabi/13.3.1/thumb/v7e-m+fp/hard\libgcc.a
LOAD C:/ST/STM32CubeIDE_1.19.0/STM32CubeIDE/plugins/com.st.stm32cube.ide.mcu.externaltools.gnu-tools-for-stm32.13.3.rel1.win32_1.0.0.202411081344/tools/bin/../lib/gcc/arm-none-eabi/13.3.1/../../../../arm-none-eabi/lib/thumb/v7e-m+fp/hard\libc_nano.a
END GROUP
START GROUP
LOAD C:/ST/STM32CubeIDE_1.19.0/STM32CubeIDE/plugins/com.st.stm32cube.ide.mcu.externaltools.gnu-tools-for-stm32.13.3.rel1.win32_1.0.0.202411081344/tools/bin/../lib/gcc/arm-none-eabi/13.3.1/thumb/v7e-m+fp/hard\libgcc.a
LOAD C:/ST/STM32CubeIDE_1.19.0/STM32CubeIDE/plugins/com.st.stm32cube.ide.mcu.externaltools.gnu-tools-for-stm32.13.3.rel1.win32_1.0.0.202411081344/tools/bin/../lib/gcc/arm-none-eabi/13.3.1/../../../../arm-none-eabi/lib/thumb/v7e-m+fp/hard\libc_nano.a
LOAD C:/ST/STM32CubeIDE_1.19.0/STM32CubeIDE/plugins/com.st.stm32cube.ide.mcu.externaltools.gnu-tools-for-stm32.13.3.rel1.win32_1.0.0.202411081344/tools/bin/../lib/gcc/arm-none-eabi/13.3.1/../../../../arm-none-eabi/lib/thumb/v7e-m+fp/hard\libnosys.a
END GROUP
START GROUP
LOAD C:/ST/STM32CubeIDE_1.19.0/STM32CubeIDE/plugins/com.st.stm32cube.ide.mcu.externaltools.gnu-tools-for-stm32.13.3.rel1.win32_1.0.0.202411081344/tools/bin/../lib/gcc/arm-none-eabi/13.3.1/thumb/v7e-m+fp/hard\libgcc.a
LOAD C:/ST/STM32CubeIDE_1.19.0/STM32CubeIDE/plugins/com.st.stm32cube.ide.mcu.externaltools.gnu-tools-for-stm32.13.3.rel1.win32_1.0.0.202411081344/tools/bin/../lib/gcc/arm-none-eabi/13.3.1/../../../../arm-none-eabi/lib/thumb/v7e-m+fp/hard\libc_nano.a
LOAD C:/ST/STM32CubeIDE_1.19.0/STM32CubeIDE/plugins/com.st.stm32cube.ide.mcu.externaltools.gnu-tools-for-stm32.13.3.rel1.win32_1.0.0.202411081344/tools/bin/../lib/gcc/arm-none-eabi/13.3.1/../../../../arm-none-eabi/lib/thumb/v7e-m+fp/hard\libnosys.a
END GROUP
LOAD C:/ST/STM32CubeIDE_1.19.0/STM32CubeIDE/plugins/com.st.stm32cube.ide.mcu.externaltools.gnu-tools-for-stm32.13.3.rel1.win32_1.0.0.202411081344/tools/bin/../lib/gcc/arm-none-eabi/13.3.1/thumb/v7e-m+fp/hard/crtend.o
LOAD C:/ST/STM32CubeIDE_1.19.0/STM32CubeIDE/plugins/com.st.stm32cube.ide.mcu.externaltools.gnu-tools-for-stm32.13.3.rel1.win32_1.0.0.202411081344/tools/bin/../lib/gcc/arm-none-eabi/13.3.1/thumb/v7e-m+fp/hard/crtn.o
                0x20010000                        _estack = (ORIGIN (RAM) + LENGTH (RAM))
                0x00000200                        _Min_Heap_Size = 0x200
                0x00000400                        _Min_Stack_Size = 0x400

.isr_vector     0x08000000      0x194
                0x08000000                        . = ALIGN (0x4)
 *(.isr_vector)
 .isr_vector    0x08000000      0x194 ./Core/Startup/startup_stm32f302retx.o
                0x08000000                g_pfnVectors
                0x08000194                        . = ALIGN (0x4)

.text           0x08000194     0x39e8
                0x08000194                        . = ALIGN (0x4)
 *(.text)
 .text          0x08000194       0x40 C:/ST/STM32CubeIDE_1.19.0/STM32CubeIDE/plugins/com.st.stm32cube.ide.mcu.externaltools.gnu-tools-for-stm32.13.3.rel1.win32_1.0.0.202411081344/tools/bin/../lib/gcc/arm-none-eabi/13.3.1/thumb/v7e-m+fp/hard/crtbegin.o
 *(.text*)
 .text.getLowCurrent
                0x080001d4       0x70 ./Core/Src/DHAB124.o
                0x080001d4                getLowCurrent
 .text.main     0x08000244       0x48 ./Core/Src/main.o
                0x08000244                main
 .text.SystemClock_Config
                0x0800028c       0xba ./Core/Src/main.o
                0x0800028c                SystemClock_Config
 *fill*         0x08000346        0x2 
 .text.MX_ADC1_Init
                0x08000348       0xe0 ./Core/Src/main.o
 .text.MX_DMA_Init
                0x08000428       0x3c ./Core/Src/main.o
 .text.MX_GPIO_Init
                0x08000464       0x48 ./Core/Src/main.o
 .text.Error_Handler
                0x080004ac        0xe ./Core/Src/main.o
                0x080004ac                Error_Handler
 *fill*         0x080004ba        0x2 
 .text.HAL_MspInit
                0x080004bc       0x48 ./Core/Src/stm32f3xx_hal_msp.o
                0x080004bc                HAL_MspInit
 .text.HAL_ADC_MspInit
                0x08000504       0xe0 ./Core/Src/stm32f3xx_hal_msp.o
                0x08000504                HAL_ADC_MspInit
 .text.NMI_Handler
                0x080005e4        0x8 ./Core/Src/stm32f3xx_it.o
                0x080005e4                NMI_Handler
 .text.HardFault_Handler
                0x080005ec        0x8 ./Core/Src/stm32f3xx_it.o
                0x080005ec                HardFault_Handler
 .text.MemManage_Handler
                0x080005f4        0x8 ./Core/Src/stm32f3xx_it.o
                0x080005f4                MemManage_Handler
 .text.BusFault_Handler
                0x080005fc        0x8 ./Core/Src/stm32f3xx_it.o
                0x080005fc                BusFault_Handler
 .text.UsageFault_Handler
                0x08000604        0x8 ./Core/Src/stm32f3xx_it.o
                0x08000604                UsageFault_Handler
 .text.SVC_Handler
                0x0800060c        0xe ./Core/Src/stm32f3xx_it.o
                0x0800060c                SVC_Handler
 .text.DebugMon_Handler
                0x0800061a        0xe ./Core/Src/stm32f3xx_it.o
                0x0800061a                DebugMon_Handler
 .text.PendSV_Handler
                0x08000628        0xe ./Core/Src/stm32f3xx_it.o
                0x08000628                PendSV_Handler
 .text.SysTick_Handler
                0x08000636        0xc ./Core/Src/stm32f3xx_it.o
                0x08000636                SysTick_Handler
 *fill*         0x08000642        0x2 
 .text.DMA1_Channel1_IRQHandler
                0x08000644       0x14 ./Core/Src/stm32f3xx_it.o
                0x08000644                DMA1_Channel1_IRQHandler
 .text.ADC1_2_IRQHandler
                0x08000658       0x14 ./Core/Src/stm32f3xx_it.o
                0x08000658                ADC1_2_IRQHandler
 .text.SystemInit
                0x0800066c       0x24 ./Core/Src/system_stm32f3xx.o
                0x0800066c                SystemInit
 .text.Reset_Handler
                0x08000690       0x50 ./Core/Startup/startup_stm32f302retx.o
                0x08000690                Reset_Handler
 .text.Default_Handler
                0x080006e0        0x2 ./Core/Startup/startup_stm32f302retx.o
                0x080006e0                RTC_Alarm_IRQHandler
                0x080006e0                SPI4_IRQHandler
                0x080006e0                TIM1_CC_IRQHandler
                0x080006e0                USB_HP_IRQHandler
                0x080006e0                PVD_IRQHandler
                0x080006e0                TAMP_STAMP_IRQHandler
                0x080006e0                EXTI3_IRQHandler
                0x080006e0                I2C3_ER_IRQHandler
                0x080006e0                USB_HP_CAN_TX_IRQHandler
                0x080006e0                EXTI0_IRQHandler
                0x080006e0                I2C2_EV_IRQHandler
                0x080006e0                FPU_IRQHandler
                0x080006e0                TIM1_UP_TIM16_IRQHandler
                0x080006e0                SPI1_IRQHandler
                0x080006e0                CAN_SCE_IRQHandler
                0x080006e0                TIM6_DAC_IRQHandler
                0x080006e0                DMA2_Channel2_IRQHandler
                0x080006e0                DMA1_Channel4_IRQHandler
                0x080006e0                TIM20_TRG_COM_IRQHandler
                0x080006e0                USART3_IRQHandler
                0x080006e0                DMA1_Channel7_IRQHandler
                0x080006e0                UART5_IRQHandler
                0x080006e0                TIM4_IRQHandler
                0x080006e0                CAN_RX1_IRQHandler
                0x080006e0                DMA2_Channel1_IRQHandler
                0x080006e0                I2C1_EV_IRQHandler
                0x080006e0                DMA1_Channel6_IRQHandler
                0x080006e0                UART4_IRQHandler
                0x080006e0                DMA2_Channel4_IRQHandler
                0x080006e0                TIM3_IRQHandler
                0x080006e0                RCC_IRQHandler
                0x080006e0                TIM20_UP_IRQHandler
                0x080006e0                Default_Handler
                0x080006e0                USBWakeUp_RMP_IRQHandler
                0x080006e0                EXTI15_10_IRQHandler
                0x080006e0                I2C3_EV_IRQHandler
                0x080006e0                EXTI9_5_IRQHandler
                0x080006e0                RTC_WKUP_IRQHandler
                0x080006e0                SPI2_IRQHandler
                0x080006e0                USB_LP_CAN_RX0_IRQHandler
                0x080006e0                DMA2_Channel5_IRQHandler
                0x080006e0                DMA1_Channel5_IRQHandler
                0x080006e0                USB_LP_IRQHandler
                0x080006e0                EXTI4_IRQHandler
                0x080006e0                COMP1_2_IRQHandler
                0x080006e0                TIM1_TRG_COM_TIM17_IRQHandler
                0x080006e0                DMA1_Channel3_IRQHandler
                0x080006e0                WWDG_IRQHandler
                0x080006e0                TIM2_IRQHandler
                0x080006e0                EXTI1_IRQHandler
                0x080006e0                COMP4_6_IRQHandler
                0x080006e0                USART2_IRQHandler
                0x080006e0                TIM20_BRK_IRQHandler
                0x080006e0                I2C2_ER_IRQHandler
                0x080006e0                DMA1_Channel2_IRQHandler
                0x080006e0                FLASH_IRQHandler
                0x080006e0                TIM20_CC_IRQHandler
                0x080006e0                USART1_IRQHandler
                0x080006e0                SPI3_IRQHandler
                0x080006e0                I2C1_ER_IRQHandler
                0x080006e0                FMC_IRQHandler
                0x080006e0                USBWakeUp_IRQHandler
                0x080006e0                DMA2_Channel3_IRQHandler
                0x080006e0                EXTI2_TSC_IRQHandler
                0x080006e0                TIM1_BRK_TIM15_IRQHandler
 *fill*         0x080006e2        0x2 
 .text.HAL_Init
                0x080006e4       0x2c ./Drivers/STM32F3xx_HAL_Driver/Src/stm32f3xx_hal.o
                0x080006e4                HAL_Init
 .text.HAL_InitTick
                0x08000710       0x60 ./Drivers/STM32F3xx_HAL_Driver/Src/stm32f3xx_hal.o
                0x08000710                HAL_InitTick
 .text.HAL_IncTick
                0x08000770       0x28 ./Drivers/STM32F3xx_HAL_Driver/Src/stm32f3xx_hal.o
                0x08000770                HAL_IncTick
 .text.HAL_GetTick
                0x08000798       0x18 ./Drivers/STM32F3xx_HAL_Driver/Src/stm32f3xx_hal.o
                0x08000798                HAL_GetTick
 .text.HAL_Delay
                0x080007b0       0x48 ./Drivers/STM32F3xx_HAL_Driver/Src/stm32f3xx_hal.o
                0x080007b0                HAL_Delay
 .text.HAL_ADC_ConvCpltCallback
                0x080007f8       0x14 ./Drivers/STM32F3xx_HAL_Driver/Src/stm32f3xx_hal_adc.o
                0x080007f8                HAL_ADC_ConvCpltCallback
 .text.HAL_ADC_ConvHalfCpltCallback
                0x0800080c       0x14 ./Drivers/STM32F3xx_HAL_Driver/Src/stm32f3xx_hal_adc.o
                0x0800080c                HAL_ADC_ConvHalfCpltCallback
 .text.HAL_ADC_LevelOutOfWindowCallback
                0x08000820       0x14 ./Drivers/STM32F3xx_HAL_Driver/Src/stm32f3xx_hal_adc.o
                0x08000820                HAL_ADC_LevelOutOfWindowCallback
 .text.HAL_ADC_ErrorCallback
                0x08000834       0x14 ./Drivers/STM32F3xx_HAL_Driver/Src/stm32f3xx_hal_adc.o
                0x08000834                HAL_ADC_ErrorCallback
 .text.HAL_ADC_Init
                0x08000848      0x324 ./Drivers/STM32F3xx_HAL_Driver/Src/stm32f3xx_hal_adc_ex.o
                0x08000848                HAL_ADC_Init
 .text.HAL_ADC_Start_DMA
                0x08000b6c      0x1b4 ./Drivers/STM32F3xx_HAL_Driver/Src/stm32f3xx_hal_adc_ex.o
                0x08000b6c                HAL_ADC_Start_DMA
 .text.HAL_ADC_IRQHandler
                0x08000d20      0x3f4 ./Drivers/STM32F3xx_HAL_Driver/Src/stm32f3xx_hal_adc_ex.o
                0x08000d20                HAL_ADC_IRQHandler
 .text.HAL_ADCEx_InjectedConvCpltCallback
                0x08001114       0x14 ./Drivers/STM32F3xx_HAL_Driver/Src/stm32f3xx_hal_adc_ex.o
                0x08001114                HAL_ADCEx_InjectedConvCpltCallback
 .text.HAL_ADCEx_InjectedQueueOverflowCallback
                0x08001128       0x14 ./Drivers/STM32F3xx_HAL_Driver/Src/stm32f3xx_hal_adc_ex.o
                0x08001128                HAL_ADCEx_InjectedQueueOverflowCallback
 .text.HAL_ADCEx_LevelOutOfWindow2Callback
                0x0800113c       0x14 ./Drivers/STM32F3xx_HAL_Driver/Src/stm32f3xx_hal_adc_ex.o
                0x0800113c                HAL_ADCEx_LevelOutOfWindow2Callback
 .text.HAL_ADCEx_LevelOutOfWindow3Callback
                0x08001150       0x14 ./Drivers/STM32F3xx_HAL_Driver/Src/stm32f3xx_hal_adc_ex.o
                0x08001150                HAL_ADCEx_LevelOutOfWindow3Callback
 .text.HAL_ADC_ConfigChannel
                0x08001164      0x57c ./Drivers/STM32F3xx_HAL_Driver/Src/stm32f3xx_hal_adc_ex.o
                0x08001164                HAL_ADC_ConfigChannel
 .text.HAL_ADCEx_MultiModeConfigChannel
                0x080016e0      0x18c ./Drivers/STM32F3xx_HAL_Driver/Src/stm32f3xx_hal_adc_ex.o
                0x080016e0                HAL_ADCEx_MultiModeConfigChannel
 .text.ADC_DMAConvCplt
                0x0800186c       0x7a ./Drivers/STM32F3xx_HAL_Driver/Src/stm32f3xx_hal_adc_ex.o
 .text.ADC_DMAHalfConvCplt
                0x080018e6       0x1c ./Drivers/STM32F3xx_HAL_Driver/Src/stm32f3xx_hal_adc_ex.o
 .text.ADC_DMAError
                0x08001902       0x34 ./Drivers/STM32F3xx_HAL_Driver/Src/stm32f3xx_hal_adc_ex.o
 *fill*         0x08001936        0x2 
 .text.ADC_Enable
                0x08001938       0xc8 ./Drivers/STM32F3xx_HAL_Driver/Src/stm32f3xx_hal_adc_ex.o
 .text.ADC_Disable
                0x08001a00       0xcc ./Drivers/STM32F3xx_HAL_Driver/Src/stm32f3xx_hal_adc_ex.o
 .text.__NVIC_SetPriorityGrouping
                0x08001acc       0x48 ./Drivers/STM32F3xx_HAL_Driver/Src/stm32f3xx_hal_cortex.o
 .text.__NVIC_GetPriorityGrouping
                0x08001b14       0x1c ./Drivers/STM32F3xx_HAL_Driver/Src/stm32f3xx_hal_cortex.o
 .text.__NVIC_EnableIRQ
                0x08001b30       0x3c ./Drivers/STM32F3xx_HAL_Driver/Src/stm32f3xx_hal_cortex.o
 .text.__NVIC_SetPriority
                0x08001b6c       0x54 ./Drivers/STM32F3xx_HAL_Driver/Src/stm32f3xx_hal_cortex.o
 .text.NVIC_EncodePriority
                0x08001bc0       0x66 ./Drivers/STM32F3xx_HAL_Driver/Src/stm32f3xx_hal_cortex.o
 *fill*         0x08001c26        0x2 
 .text.SysTick_Config
                0x08001c28       0x44 ./Drivers/STM32F3xx_HAL_Driver/Src/stm32f3xx_hal_cortex.o
 .text.HAL_NVIC_SetPriorityGrouping
                0x08001c6c       0x16 ./Drivers/STM32F3xx_HAL_Driver/Src/stm32f3xx_hal_cortex.o
                0x08001c6c                HAL_NVIC_SetPriorityGrouping
 .text.HAL_NVIC_SetPriority
                0x08001c82       0x38 ./Drivers/STM32F3xx_HAL_Driver/Src/stm32f3xx_hal_cortex.o
                0x08001c82                HAL_NVIC_SetPriority
 .text.HAL_NVIC_EnableIRQ
                0x08001cba       0x1c ./Drivers/STM32F3xx_HAL_Driver/Src/stm32f3xx_hal_cortex.o
                0x08001cba                HAL_NVIC_EnableIRQ
 .text.HAL_SYSTICK_Config
                0x08001cd6       0x18 ./Drivers/STM32F3xx_HAL_Driver/Src/stm32f3xx_hal_cortex.o
                0x08001cd6                HAL_SYSTICK_Config
 .text.HAL_DMA_Init
                0x08001cee       0x8e ./Drivers/STM32F3xx_HAL_Driver/Src/stm32f3xx_hal_dma.o
                0x08001cee                HAL_DMA_Init
 .text.HAL_DMA_Start_IT
                0x08001d7c       0xbe ./Drivers/STM32F3xx_HAL_Driver/Src/stm32f3xx_hal_dma.o
                0x08001d7c                HAL_DMA_Start_IT
 .text.HAL_DMA_IRQHandler
                0x08001e3a      0x146 ./Drivers/STM32F3xx_HAL_Driver/Src/stm32f3xx_hal_dma.o
                0x08001e3a                HAL_DMA_IRQHandler
 .text.DMA_SetConfig
                0x08001f80       0x5c ./Drivers/STM32F3xx_HAL_Driver/Src/stm32f3xx_hal_dma.o
 .text.DMA_CalcBaseAndBitshift
                0x08001fdc       0x78 ./Drivers/STM32F3xx_HAL_Driver/Src/stm32f3xx_hal_dma.o
 .text.HAL_GPIO_Init
                0x08002054      0x314 ./Drivers/STM32F3xx_HAL_Driver/Src/stm32f3xx_hal_gpio.o
                0x08002054                HAL_GPIO_Init
 .text.HAL_RCC_OscConfig
                0x08002368     0x1048 ./Drivers/STM32F3xx_HAL_Driver/Src/stm32f3xx_hal_rcc.o
                0x08002368                HAL_RCC_OscConfig
 .text.HAL_RCC_ClockConfig
                0x080033b0      0x2dc ./Drivers/STM32F3xx_HAL_Driver/Src/stm32f3xx_hal_rcc.o
                0x080033b0                HAL_RCC_ClockConfig
 .text.HAL_RCC_GetSysClockFreq
                0x0800368c       0xac ./Drivers/STM32F3xx_HAL_Driver/Src/stm32f3xx_hal_rcc.o
                0x0800368c                HAL_RCC_GetSysClockFreq
 .text.HAL_RCCEx_PeriphCLKConfig
                0x08003738      0x3d4 ./Drivers/STM32F3xx_HAL_Driver/Src/stm32f3xx_hal_rcc_ex.o
                0x08003738                HAL_RCCEx_PeriphCLKConfig
 .text.memset   0x08003b0c       0x10 C:/ST/STM32CubeIDE_1.19.0/STM32CubeIDE/plugins/com.st.stm32cube.ide.mcu.externaltools.gnu-tools-for-stm32.13.3.rel1.win32_1.0.0.202411081344/tools/bin/../lib/gcc/arm-none-eabi/13.3.1/../../../../arm-none-eabi/lib/thumb/v7e-m+fp/hard\libc_nano.a(libc_a-memset.o)
                0x08003b0c                memset
 .text.__libc_init_array
                0x08003b1c       0x48 C:/ST/STM32CubeIDE_1.19.0/STM32CubeIDE/plugins/com.st.stm32cube.ide.mcu.externaltools.gnu-tools-for-stm32.13.3.rel1.win32_1.0.0.202411081344/tools/bin/../lib/gcc/arm-none-eabi/13.3.1/../../../../arm-none-eabi/lib/thumb/v7e-m+fp/hard\libc_nano.a(libc_a-init.o)
                0x08003b1c                __libc_init_array
 *(.glue_7)
 .glue_7        0x08003b64        0x0 linker stubs
 *(.glue_7t)
 .glue_7t       0x08003b64        0x0 linker stubs
 *(.eh_frame)
 .eh_frame      0x08003b64        0x0 C:/ST/STM32CubeIDE_1.19.0/STM32CubeIDE/plugins/com.st.stm32cube.ide.mcu.externaltools.gnu-tools-for-stm32.13.3.rel1.win32_1.0.0.202411081344/tools/bin/../lib/gcc/arm-none-eabi/13.3.1/thumb/v7e-m+fp/hard/crtbegin.o
 *(.init)
 .init          0x08003b64        0x4 C:/ST/STM32CubeIDE_1.19.0/STM32CubeIDE/plugins/com.st.stm32cube.ide.mcu.externaltools.gnu-tools-for-stm32.13.3.rel1.win32_1.0.0.202411081344/tools/bin/../lib/gcc/arm-none-eabi/13.3.1/thumb/v7e-m+fp/hard/crti.o
                0x08003b64                _init
 .init          0x08003b68        0x8 C:/ST/STM32CubeIDE_1.19.0/STM32CubeIDE/plugins/com.st.stm32cube.ide.mcu.externaltools.gnu-tools-for-stm32.13.3.rel1.win32_1.0.0.202411081344/tools/bin/../lib/gcc/arm-none-eabi/13.3.1/thumb/v7e-m+fp/hard/crtn.o
 *(.fini)
 .fini          0x08003b70        0x4 C:/ST/STM32CubeIDE_1.19.0/STM32CubeIDE/plugins/com.st.stm32cube.ide.mcu.externaltools.gnu-tools-for-stm32.13.3.rel1.win32_1.0.0.202411081344/tools/bin/../lib/gcc/arm-none-eabi/13.3.1/thumb/v7e-m+fp/hard/crti.o
                0x08003b70                _fini
 .fini          0x08003b74        0x8 C:/ST/STM32CubeIDE_1.19.0/STM32CubeIDE/plugins/com.st.stm32cube.ide.mcu.externaltools.gnu-tools-for-stm32.13.3.rel1.win32_1.0.0.202411081344/tools/bin/../lib/gcc/arm-none-eabi/13.3.1/thumb/v7e-m+fp/hard/crtn.o
                0x08003b7c                        . = ALIGN (0x4)
                0x08003b7c                        _etext = .

.vfp11_veneer   0x08003b7c        0x0
 .vfp11_veneer  0x08003b7c        0x0 linker stubs

.v4_bx          0x08003b7c        0x0
 .v4_bx         0x08003b7c        0x0 linker stubs

.iplt           0x08003b7c        0x0
 .iplt          0x08003b7c        0x0 C:/ST/STM32CubeIDE_1.19.0/STM32CubeIDE/plugins/com.st.stm32cube.ide.mcu.externaltools.gnu-tools-for-stm32.13.3.rel1.win32_1.0.0.202411081344/tools/bin/../lib/gcc/arm-none-eabi/13.3.1/thumb/v7e-m+fp/hard/crtbegin.o

.rodata         0x08003b7c       0x30
                0x08003b7c                        . = ALIGN (0x4)
 *(.rodata)
 *(.rodata*)
 .rodata.AHBPrescTable
                0x08003b7c       0x10 ./Core/Src/system_stm32f3xx.o
                0x08003b7c                AHBPrescTable
 .rodata.aPLLMULFactorTable
                0x08003b8c       0x10 ./Drivers/STM32F3xx_HAL_Driver/Src/stm32f3xx_hal_rcc.o
 .rodata.aPredivFactorTable
                0x08003b9c       0x10 ./Drivers/STM32F3xx_HAL_Driver/Src/stm32f3xx_hal_rcc.o
                0x08003bac                        . = ALIGN (0x4)

.ARM.extab      0x08003bac        0x0
                0x08003bac                        . = ALIGN (0x4)
 *(.ARM.extab* .gnu.linkonce.armextab.*)
                0x08003bac                        . = ALIGN (0x4)

.ARM            0x08003bac        0x0
                0x08003bac                        . = ALIGN (0x4)
                0x08003bac                        __exidx_start = .
 *(.ARM.exidx*)
                0x08003bac                        __exidx_end = .
                0x08003bac                        . = ALIGN (0x4)

.preinit_array  0x08003bac        0x0
                0x08003bac                        . = ALIGN (0x4)
                0x08003bac                        PROVIDE (__preinit_array_start = .)
 *(.preinit_array*)
                0x08003bac                        PROVIDE (__preinit_array_end = .)
                0x08003bac                        . = ALIGN (0x4)

.init_array     0x08003bac        0x4
                0x08003bac                        . = ALIGN (0x4)
                0x08003bac                        PROVIDE (__init_array_start = .)
 *(SORT_BY_NAME(.init_array.*))
 *(.init_array*)
 .init_array    0x08003bac        0x4 C:/ST/STM32CubeIDE_1.19.0/STM32CubeIDE/plugins/com.st.stm32cube.ide.mcu.externaltools.gnu-tools-for-stm32.13.3.rel1.win32_1.0.0.202411081344/tools/bin/../lib/gcc/arm-none-eabi/13.3.1/thumb/v7e-m+fp/hard/crtbegin.o
                0x08003bb0                        PROVIDE (__init_array_end = .)
                0x08003bb0                        . = ALIGN (0x4)

.fini_array     0x08003bb0        0x4
                0x08003bb0                        . = ALIGN (0x4)
                [!provide]                        PROVIDE (__fini_array_start = .)
 *(SORT_BY_NAME(.fini_array.*))
 *(.fini_array*)
 .fini_array    0x08003bb0        0x4 C:/ST/STM32CubeIDE_1.19.0/STM32CubeIDE/plugins/com.st.stm32cube.ide.mcu.externaltools.gnu-tools-for-stm32.13.3.rel1.win32_1.0.0.202411081344/tools/bin/../lib/gcc/arm-none-eabi/13.3.1/thumb/v7e-m+fp/hard/crtbegin.o
                [!provide]                        PROVIDE (__fini_array_end = .)
                0x08003bb4                        . = ALIGN (0x4)
                0x08003bb4                        _sidata = LOADADDR (.data)

.rel.dyn        0x08003bb4        0x0
 .rel.iplt      0x08003bb4        0x0 C:/ST/STM32CubeIDE_1.19.0/STM32CubeIDE/plugins/com.st.stm32cube.ide.mcu.externaltools.gnu-tools-for-stm32.13.3.rel1.win32_1.0.0.202411081344/tools/bin/../lib/gcc/arm-none-eabi/13.3.1/thumb/v7e-m+fp/hard/crtbegin.o

.data           0x20000000        0xc load address 0x08003bb4
                0x20000000                        . = ALIGN (0x4)
                0x20000000                        _sdata = .
 *(.data)
 *(.data*)
 .data.SystemCoreClock
                0x20000000        0x4 ./Core/Src/system_stm32f3xx.o
                0x20000000                SystemCoreClock
 .data.uwTickPrio
                0x20000004        0x4 ./Drivers/STM32F3xx_HAL_Driver/Src/stm32f3xx_hal.o
                0x20000004                uwTickPrio
 .data.uwTickFreq
                0x20000008        0x1 ./Drivers/STM32F3xx_HAL_Driver/Src/stm32f3xx_hal.o
                0x20000008                uwTickFreq
 *(.RamFunc)
 *(.RamFunc*)
                0x2000000c                        . = ALIGN (0x4)
 *fill*         0x20000009        0x3 
                0x2000000c                        _edata = .

.igot.plt       0x2000000c        0x0 load address 0x08003bc0
 .igot.plt      0x2000000c        0x0 C:/ST/STM32CubeIDE_1.19.0/STM32CubeIDE/plugins/com.st.stm32cube.ide.mcu.externaltools.gnu-tools-for-stm32.13.3.rel1.win32_1.0.0.202411081344/tools/bin/../lib/gcc/arm-none-eabi/13.3.1/thumb/v7e-m+fp/hard/crtbegin.o
                0x2000000c                        . = ALIGN (0x4)

.bss            0x2000000c       0xf8 load address 0x08003bc0
                0x2000000c                        _sbss = .
                0x2000000c                        __bss_start__ = _sbss
 *(.bss)
 .bss           0x2000000c       0x1c C:/ST/STM32CubeIDE_1.19.0/STM32CubeIDE/plugins/com.st.stm32cube.ide.mcu.externaltools.gnu-tools-for-stm32.13.3.rel1.win32_1.0.0.202411081344/tools/bin/../lib/gcc/arm-none-eabi/13.3.1/thumb/v7e-m+fp/hard/crtbegin.o
 *(.bss*)
 .bss.adc_buffer
                0x20000028       0x40 ./Core/Src/main.o
                0x20000028                adc_buffer
 .bss.current   0x20000068        0x4 ./Core/Src/main.o
                0x20000068                current
 .bss.hadc1     0x2000006c       0x50 ./Core/Src/main.o
                0x2000006c                hadc1
 .bss.hdma_adc1
                0x200000bc       0x44 ./Core/Src/main.o
                0x200000bc                hdma_adc1
 .bss.uwTick    0x20000100        0x4 ./Drivers/STM32F3xx_HAL_Driver/Src/stm32f3xx_hal.o
                0x20000100                uwTick
 *(COMMON)
                0x20000104                        . = ALIGN (0x4)
                0x20000104                        _ebss = .
                0x20000104                        __bss_end__ = _ebss

._user_heap_stack
                0x20000104      0x604 load address 0x08003bc0
                0x20000108                        . = ALIGN (0x8)
 *fill*         0x20000104        0x4 
                [!provide]                        PROVIDE (end = .)
                0x20000108                        PROVIDE (_end = .)
                0x20000308                        . = (. + _Min_Heap_Size)
 *fill*         0x20000108      0x200 
                0x20000708                        . = (. + _Min_Stack_Size)
 *fill*         0x20000308      0x400 
                0x20000708                        . = ALIGN (0x8)

/DISCARD/
 libc.a(*)
 libm.a(*)
 libgcc.a(*)

.ARM.attributes
                0x00000000       0x30
 *(.ARM.attributes)
 .ARM.attributes
                0x00000000       0x22 C:/ST/STM32CubeIDE_1.19.0/STM32CubeIDE/plugins/com.st.stm32cube.ide.mcu.externaltools.gnu-tools-for-stm32.13.3.rel1.win32_1.0.0.202411081344/tools/bin/../lib/gcc/arm-none-eabi/13.3.1/thumb/v7e-m+fp/hard/crti.o
 .ARM.attributes
                0x00000022       0x34 C:/ST/STM32CubeIDE_1.19.0/STM32CubeIDE/plugins/com.st.stm32cube.ide.mcu.externaltools.gnu-tools-for-stm32.13.3.rel1.win32_1.0.0.202411081344/tools/bin/../lib/gcc/arm-none-eabi/13.3.1/thumb/v7e-m+fp/hard/crtbegin.o
 .ARM.attributes
                0x00000056       0x34 ./Core/Src/DHAB124.o
 .ARM.attributes
                0x0000008a       0x34 ./Core/Src/main.o
 .ARM.attributes
                0x000000be       0x34 ./Core/Src/stm32f3xx_hal_msp.o
 .ARM.attributes
                0x000000f2       0x34 ./Core/Src/stm32f3xx_it.o
 .ARM.attributes
                0x00000126       0x34 ./Core/Src/system_stm32f3xx.o
 .ARM.attributes
                0x0000015a       0x21 ./Core/Startup/startup_stm32f302retx.o
 .ARM.attributes
                0x0000017b       0x34 ./Drivers/STM32F3xx_HAL_Driver/Src/stm32f3xx_hal.o
 .ARM.attributes
                0x000001af       0x34 ./Drivers/STM32F3xx_HAL_Driver/Src/stm32f3xx_hal_adc.o
 .ARM.attributes
                0x000001e3       0x34 ./Drivers/STM32F3xx_HAL_Driver/Src/stm32f3xx_hal_adc_ex.o
 .ARM.attributes
                0x00000217       0x34 ./Drivers/STM32F3xx_HAL_Driver/Src/stm32f3xx_hal_cortex.o
 .ARM.attributes
                0x0000024b       0x34 ./Drivers/STM32F3xx_HAL_Driver/Src/stm32f3xx_hal_dma.o
 .ARM.attributes
                0x0000027f       0x34 ./Drivers/STM32F3xx_HAL_Driver/Src/stm32f3xx_hal_gpio.o
 .ARM.attributes
                0x000002b3       0x34 ./Drivers/STM32F3xx_HAL_Driver/Src/stm32f3xx_hal_rcc.o
 .ARM.attributes
                0x000002e7       0x34 ./Drivers/STM32F3xx_HAL_Driver/Src/stm32f3xx_hal_rcc_ex.o
 .ARM.attributes
                0x0000031b       0x34 C:/ST/STM32CubeIDE_1.19.0/STM32CubeIDE/plugins/com.st.stm32cube.ide.mcu.externaltools.gnu-tools-for-stm32.13.3.rel1.win32_1.0.0.202411081344/tools/bin/../lib/gcc/arm-none-eabi/13.3.1/../../../../arm-none-eabi/lib/thumb/v7e-m+fp/hard\libc_nano.a(libc_a-memset.o)
 .ARM.attributes
                0x0000034f       0x34 C:/ST/STM32CubeIDE_1.19.0/STM32CubeIDE/plugins/com.st.stm32cube.ide.mcu.externaltools.gnu-tools-for-stm32.13.3.rel1.win32_1.0.0.202411081344/tools/bin/../lib/gcc/arm-none-eabi/13.3.1/../../../../arm-none-eabi/lib/thumb/v7e-m+fp/hard\libc_nano.a(libc_a-init.o)
 .ARM.attributes
                0x00000383       0x22 C:/ST/STM32CubeIDE_1.19.0/STM32CubeIDE/plugins/com.st.stm32cube.ide.mcu.externaltools.gnu-tools-for-stm32.13.3.rel1.win32_1.0.0.202411081344/tools/bin/../lib/gcc/arm-none-eabi/13.3.1/thumb/v7e-m+fp/hard/crtn.o
OUTPUT(Test_Bench_ADC_V2.elf elf32-littlearm)
LOAD linker stubs
LOAD C:/ST/STM32CubeIDE_1.19.0/STM32CubeIDE/plugins/com.st.stm32cube.ide.mcu.externaltools.gnu-tools-for-stm32.13.3.rel1.win32_1.0.0.202411081344/tools/bin/../lib/gcc/arm-none-eabi/13.3.1/../../../../arm-none-eabi/lib/thumb/v7e-m+fp/hard\libc.a
LOAD C:/ST/STM32CubeIDE_1.19.0/STM32CubeIDE/plugins/com.st.stm32cube.ide.mcu.externaltools.gnu-tools-for-stm32.13.3.rel1.win32_1.0.0.202411081344/tools/bin/../lib/gcc/arm-none-eabi/13.3.1/../../../../arm-none-eabi/lib/thumb/v7e-m+fp/hard\libm.a
LOAD C:/ST/STM32CubeIDE_1.19.0/STM32CubeIDE/plugins/com.st.stm32cube.ide.mcu.externaltools.gnu-tools-for-stm32.13.3.rel1.win32_1.0.0.202411081344/tools/bin/../lib/gcc/arm-none-eabi/13.3.1/thumb/v7e-m+fp/hard\libgcc.a

.debug_info     0x00000000     0x8435
 .debug_info    0x00000000      0x155 ./Core/Src/DHAB124.o
 .debug_info    0x00000155      0xee0 ./Core/Src/main.o
 .debug_info    0x00001035      0xbbb ./Core/Src/stm32f3xx_hal_msp.o
 .debug_info    0x00001bf0      0x738 ./Core/Src/stm32f3xx_it.o
 .debug_info    0x00002328      0x407 ./Core/Src/system_stm32f3xx.o
 .debug_info    0x0000272f       0x30 ./Core/Startup/startup_stm32f302retx.o
 .debug_info    0x0000275f      0x7bc ./Drivers/STM32F3xx_HAL_Driver/Src/stm32f3xx_hal.o
 .debug_info    0x00002f1b      0xb32 ./Drivers/STM32F3xx_HAL_Driver/Src/stm32f3xx_hal_adc.o
 .debug_info    0x00003a4d     0x15b2 ./Drivers/STM32F3xx_HAL_Driver/Src/stm32f3xx_hal_adc_ex.o
 .debug_info    0x00004fff      0xccc ./Drivers/STM32F3xx_HAL_Driver/Src/stm32f3xx_hal_cortex.o
 .debug_info    0x00005ccb      0x6e1 ./Drivers/STM32F3xx_HAL_Driver/Src/stm32f3xx_hal_dma.o
 .debug_info    0x000063ac      0x5fe ./Drivers/STM32F3xx_HAL_Driver/Src/stm32f3xx_hal_gpio.o
 .debug_info    0x000069aa     0x149a ./Drivers/STM32F3xx_HAL_Driver/Src/stm32f3xx_hal_rcc.o
 .debug_info    0x00007e44      0x5f1 ./Drivers/STM32F3xx_HAL_Driver/Src/stm32f3xx_hal_rcc_ex.o

.debug_abbrev   0x00000000     0x19ee
 .debug_abbrev  0x00000000       0xa7 ./Core/Src/DHAB124.o
 .debug_abbrev  0x000000a7      0x23f ./Core/Src/main.o
 .debug_abbrev  0x000002e6      0x1e5 ./Core/Src/stm32f3xx_hal_msp.o
 .debug_abbrev  0x000004cb      0x1a6 ./Core/Src/stm32f3xx_it.o
 .debug_abbrev  0x00000671      0x11a ./Core/Src/system_stm32f3xx.o
 .debug_abbrev  0x0000078b       0x24 ./Core/Startup/startup_stm32f302retx.o
 .debug_abbrev  0x000007af      0x215 ./Drivers/STM32F3xx_HAL_Driver/Src/stm32f3xx_hal.o
 .debug_abbrev  0x000009c4      0x186 ./Drivers/STM32F3xx_HAL_Driver/Src/stm32f3xx_hal_adc.o
 .debug_abbrev  0x00000b4a      0x28e ./Drivers/STM32F3xx_HAL_Driver/Src/stm32f3xx_hal_adc_ex.o
 .debug_abbrev  0x00000dd8      0x31e ./Drivers/STM32F3xx_HAL_Driver/Src/stm32f3xx_hal_cortex.o
 .debug_abbrev  0x000010f6      0x20d ./Drivers/STM32F3xx_HAL_Driver/Src/stm32f3xx_hal_dma.o
 .debug_abbrev  0x00001303      0x1ca ./Drivers/STM32F3xx_HAL_Driver/Src/stm32f3xx_hal_gpio.o
 .debug_abbrev  0x000014cd      0x300 ./Drivers/STM32F3xx_HAL_Driver/Src/stm32f3xx_hal_rcc.o
 .debug_abbrev  0x000017cd      0x221 ./Drivers/STM32F3xx_HAL_Driver/Src/stm32f3xx_hal_rcc_ex.o

.debug_aranges  0x00000000      0x738
 .debug_aranges
                0x00000000       0x28 ./Core/Src/DHAB124.o
 .debug_aranges
                0x00000028       0x48 ./Core/Src/main.o
 .debug_aranges
                0x00000070       0x30 ./Core/Src/stm32f3xx_hal_msp.o
 .debug_aranges
                0x000000a0       0x70 ./Core/Src/stm32f3xx_it.o
 .debug_aranges
                0x00000110       0x28 ./Core/Src/system_stm32f3xx.o
 .debug_aranges
                0x00000138       0x28 ./Core/Startup/startup_stm32f302retx.o
 .debug_aranges
                0x00000160       0xe0 ./Drivers/STM32F3xx_HAL_Driver/Src/stm32f3xx_hal.o
 .debug_aranges
                0x00000240       0xc8 ./Drivers/STM32F3xx_HAL_Driver/Src/stm32f3xx_hal_adc.o
 .debug_aranges
                0x00000308      0x168 ./Drivers/STM32F3xx_HAL_Driver/Src/stm32f3xx_hal_adc_ex.o
 .debug_aranges
                0x00000470      0x128 ./Drivers/STM32F3xx_HAL_Driver/Src/stm32f3xx_hal_cortex.o
 .debug_aranges
                0x00000598       0x88 ./Drivers/STM32F3xx_HAL_Driver/Src/stm32f3xx_hal_dma.o
 .debug_aranges
                0x00000620       0x58 ./Drivers/STM32F3xx_HAL_Driver/Src/stm32f3xx_hal_gpio.o
 .debug_aranges
                0x00000678       0x88 ./Drivers/STM32F3xx_HAL_Driver/Src/stm32f3xx_hal_rcc.o
 .debug_aranges
                0x00000700       0x38 ./Drivers/STM32F3xx_HAL_Driver/Src/stm32f3xx_hal_rcc_ex.o

.debug_rnglists
                0x00000000      0x559
 .debug_rnglists
                0x00000000       0x19 ./Core/Src/DHAB124.o
 .debug_rnglists
                0x00000019       0x33 ./Core/Src/main.o
 .debug_rnglists
                0x0000004c       0x20 ./Core/Src/stm32f3xx_hal_msp.o
 .debug_rnglists
                0x0000006c       0x4f ./Core/Src/stm32f3xx_it.o
 .debug_rnglists
                0x000000bb       0x1a ./Core/Src/system_stm32f3xx.o
 .debug_rnglists
                0x000000d5       0x19 ./Core/Startup/startup_stm32f302retx.o
 .debug_rnglists
                0x000000ee       0xa3 ./Drivers/STM32F3xx_HAL_Driver/Src/stm32f3xx_hal.o
 .debug_rnglists
                0x00000191       0x91 ./Drivers/STM32F3xx_HAL_Driver/Src/stm32f3xx_hal_adc.o
 .debug_rnglists
                0x00000222      0x126 ./Drivers/STM32F3xx_HAL_Driver/Src/stm32f3xx_hal_adc_ex.o
 .debug_rnglists
                0x00000348       0xda ./Drivers/STM32F3xx_HAL_Driver/Src/stm32f3xx_hal_cortex.o
 .debug_rnglists
                0x00000422       0x69 ./Drivers/STM32F3xx_HAL_Driver/Src/stm32f3xx_hal_dma.o
 .debug_rnglists
                0x0000048b       0x3f ./Drivers/STM32F3xx_HAL_Driver/Src/stm32f3xx_hal_gpio.o
 .debug_rnglists
                0x000004ca       0x66 ./Drivers/STM32F3xx_HAL_Driver/Src/stm32f3xx_hal_rcc.o
 .debug_rnglists
                0x00000530       0x29 ./Drivers/STM32F3xx_HAL_Driver/Src/stm32f3xx_hal_rcc_ex.o

.debug_macro    0x00000000    0x1eb45
 .debug_macro   0x00000000       0x91 ./Core/Src/DHAB124.o
 .debug_macro   0x00000091      0xad8 ./Core/Src/DHAB124.o
 .debug_macro   0x00000b69       0x22 ./Core/Src/DHAB124.o
 .debug_macro   0x00000b8b       0x8e ./Core/Src/DHAB124.o
 .debug_macro   0x00000c19       0x51 ./Core/Src/DHAB124.o
 .debug_macro   0x00000c6a      0x103 ./Core/Src/DHAB124.o
 .debug_macro   0x00000d6d       0x6a ./Core/Src/DHAB124.o
 .debug_macro   0x00000dd7      0x1df ./Core/Src/DHAB124.o
 .debug_macro   0x00000fb6      0x2f8 ./Core/Src/main.o
 .debug_macro   0x000012ae      0x158 ./Core/Src/main.o
 .debug_macro   0x00001406       0x2e ./Core/Src/main.o
 .debug_macro   0x00001434       0x28 ./Core/Src/main.o
 .debug_macro   0x0000145c       0x1c ./Core/Src/main.o
 .debug_macro   0x00001478       0x22 ./Core/Src/main.o
 .debug_macro   0x0000149a       0xd9 ./Core/Src/main.o
 .debug_macro   0x00001573     0x102d ./Core/Src/main.o
 .debug_macro   0x000025a0      0x11f ./Core/Src/main.o
 .debug_macro   0x000026bf    0x1402f ./Core/Src/main.o
 .debug_macro   0x000166ee       0x6d ./Core/Src/main.o
 .debug_macro   0x0001675b     0x3574 ./Core/Src/main.o
 .debug_macro   0x00019ccf      0x190 ./Core/Src/main.o
 .debug_macro   0x00019e5f       0x55 ./Core/Src/main.o
 .debug_macro   0x00019eb4      0x953 ./Core/Src/main.o
 .debug_macro   0x0001a807      0x6d7 ./Core/Src/main.o
 .debug_macro   0x0001aede      0x1b5 ./Core/Src/main.o
 .debug_macro   0x0001b093      0x1ca ./Core/Src/main.o
 .debug_macro   0x0001b25d      0x1ea ./Core/Src/main.o
 .debug_macro   0x0001b447      0x1bc ./Core/Src/main.o
 .debug_macro   0x0001b603       0x30 ./Core/Src/main.o
 .debug_macro   0x0001b633       0x3c ./Core/Src/main.o
 .debug_macro   0x0001b66f      0x235 ./Core/Src/main.o
 .debug_macro   0x0001b8a4      0x861 ./Core/Src/main.o
 .debug_macro   0x0001c105       0x77 ./Core/Src/main.o
 .debug_macro   0x0001c17c       0xc5 ./Core/Src/main.o
 .debug_macro   0x0001c241      0x21d ./Core/Src/main.o
 .debug_macro   0x0001c45e      0x22c ./Core/Src/main.o
 .debug_macro   0x0001c68a       0x5b ./Core/Src/main.o
 .debug_macro   0x0001c6e5       0xa5 ./Core/Src/main.o
 .debug_macro   0x0001c78a       0x81 ./Core/Src/main.o
 .debug_macro   0x0001c80b       0xd3 ./Core/Src/main.o
 .debug_macro   0x0001c8de      0x275 ./Core/Src/main.o
 .debug_macro   0x0001cb53       0x10 ./Core/Src/main.o
 .debug_macro   0x0001cb63       0x61 ./Core/Src/main.o
 .debug_macro   0x0001cbc4       0x2a ./Core/Src/main.o
 .debug_macro   0x0001cbee       0x43 ./Core/Src/main.o
 .debug_macro   0x0001cc31       0x34 ./Core/Src/main.o
 .debug_macro   0x0001cc65       0x16 ./Core/Src/main.o
 .debug_macro   0x0001cc7b       0x3c ./Core/Src/main.o
 .debug_macro   0x0001ccb7      0x370 ./Core/Src/main.o
 .debug_macro   0x0001d027       0x10 ./Core/Src/main.o
 .debug_macro   0x0001d037       0x16 ./Core/Src/main.o
 .debug_macro   0x0001d04d       0x4a ./Core/Src/main.o
 .debug_macro   0x0001d097       0x34 ./Core/Src/main.o
 .debug_macro   0x0001d0cb       0x10 ./Core/Src/main.o
 .debug_macro   0x0001d0db       0x58 ./Core/Src/main.o
 .debug_macro   0x0001d133       0x8e ./Core/Src/main.o
 .debug_macro   0x0001d1c1       0x1c ./Core/Src/main.o
 .debug_macro   0x0001d1dd      0x185 ./Core/Src/main.o
 .debug_macro   0x0001d362       0x16 ./Core/Src/main.o
 .debug_macro   0x0001d378       0x16 ./Core/Src/main.o
 .debug_macro   0x0001d38e      0x146 ./Core/Src/main.o
 .debug_macro   0x0001d4d4       0x16 ./Core/Src/main.o
 .debug_macro   0x0001d4ea       0x20 ./Core/Src/main.o
 .debug_macro   0x0001d50a      0x201 ./Core/Src/main.o
 .debug_macro   0x0001d70b      0x1d7 ./Core/Src/stm32f3xx_hal_msp.o
 .debug_macro   0x0001d8e2      0x1e1 ./Core/Src/stm32f3xx_it.o
 .debug_macro   0x0001dac3      0x1c8 ./Core/Src/system_stm32f3xx.o
 .debug_macro   0x0001dc8b      0x1ec ./Drivers/STM32F3xx_HAL_Driver/Src/stm32f3xx_hal.o
 .debug_macro   0x0001de77      0x1c9 ./Drivers/STM32F3xx_HAL_Driver/Src/stm32f3xx_hal_adc.o
 .debug_macro   0x0001e040      0x1f2 ./Drivers/STM32F3xx_HAL_Driver/Src/stm32f3xx_hal_adc_ex.o
 .debug_macro   0x0001e232      0x1c8 ./Drivers/STM32F3xx_HAL_Driver/Src/stm32f3xx_hal_cortex.o
 .debug_macro   0x0001e3fa      0x1c8 ./Drivers/STM32F3xx_HAL_Driver/Src/stm32f3xx_hal_dma.o
 .debug_macro   0x0001e5c2      0x1cf ./Drivers/STM32F3xx_HAL_Driver/Src/stm32f3xx_hal_gpio.o
 .debug_macro   0x0001e791      0x1ec ./Drivers/STM32F3xx_HAL_Driver/Src/stm32f3xx_hal_rcc.o
 .debug_macro   0x0001e97d      0x1c8 ./Drivers/STM32F3xx_HAL_Driver/Src/stm32f3xx_hal_rcc_ex.o

.debug_line     0x00000000     0xa229
 .debug_line    0x00000000      0x45c ./Core/Src/DHAB124.o
 .debug_line    0x0000045c      0xa14 ./Core/Src/main.o
 .debug_line    0x00000e70      0x7b0 ./Core/Src/stm32f3xx_hal_msp.o
 .debug_line    0x00001620      0x81d ./Core/Src/stm32f3xx_it.o
 .debug_line    0x00001e3d      0x7bd ./Core/Src/system_stm32f3xx.o
 .debug_line    0x000025fa       0x7a ./Core/Startup/startup_stm32f302retx.o
 .debug_line    0x00002674      0x9f4 ./Drivers/STM32F3xx_HAL_Driver/Src/stm32f3xx_hal.o
 .debug_line    0x00003068      0x92e ./Drivers/STM32F3xx_HAL_Driver/Src/stm32f3xx_hal_adc.o
 .debug_line    0x00003996     0x1f9d ./Drivers/STM32F3xx_HAL_Driver/Src/stm32f3xx_hal_adc_ex.o
 .debug_line    0x00005933      0xcbf ./Drivers/STM32F3xx_HAL_Driver/Src/stm32f3xx_hal_cortex.o
 .debug_line    0x000065f2      0xce2 ./Drivers/STM32F3xx_HAL_Driver/Src/stm32f3xx_hal_dma.o
 .debug_line    0x000072d4      0xb67 ./Drivers/STM32F3xx_HAL_Driver/Src/stm32f3xx_hal_gpio.o
 .debug_line    0x00007e3b     0x156b ./Drivers/STM32F3xx_HAL_Driver/Src/stm32f3xx_hal_rcc.o
 .debug_line    0x000093a6      0xe83 ./Drivers/STM32F3xx_HAL_Driver/Src/stm32f3xx_hal_rcc_ex.o

.debug_str      0x00000000    0xb8150
 .debug_str     0x00000000    0xb8150 ./Core/Src/DHAB124.o
                               0x3e72 (size before relaxing)
 .debug_str     0x000b8150    0xb6fcc ./Core/Src/main.o
 .debug_str     0x000b8150    0xb2da9 ./Core/Src/stm32f3xx_hal_msp.o
 .debug_str     0x000b8150    0xb28e7 ./Core/Src/stm32f3xx_it.o
 .debug_str     0x000b8150    0xb2497 ./Core/Src/system_stm32f3xx.o
 .debug_str     0x000b8150       0x7d ./Core/Startup/startup_stm32f302retx.o
 .debug_str     0x000b8150    0xb2c9b ./Drivers/STM32F3xx_HAL_Driver/Src/stm32f3xx_hal.o
 .debug_str     0x000b8150    0xb2a84 ./Drivers/STM32F3xx_HAL_Driver/Src/stm32f3xx_hal_adc.o
 .debug_str     0x000b8150    0xb319d ./Drivers/STM32F3xx_HAL_Driver/Src/stm32f3xx_hal_adc_ex.o
 .debug_str     0x000b8150    0xb2d1f ./Drivers/STM32F3xx_HAL_Driver/Src/stm32f3xx_hal_cortex.o
 .debug_str     0x000b8150    0xb27df ./Drivers/STM32F3xx_HAL_Driver/Src/stm32f3xx_hal_dma.o
 .debug_str     0x000b8150    0xb260d ./Drivers/STM32F3xx_HAL_Driver/Src/stm32f3xx_hal_gpio.o
 .debug_str     0x000b8150    0xb293b ./Drivers/STM32F3xx_HAL_Driver/Src/stm32f3xx_hal_rcc.o
 .debug_str     0x000b8150    0xb274a ./Drivers/STM32F3xx_HAL_Driver/Src/stm32f3xx_hal_rcc_ex.o

.comment        0x00000000       0x43
 .comment       0x00000000       0x43 ./Core/Src/DHAB124.o
                                 0x44 (size before relaxing)
 .comment       0x00000043       0x44 ./Core/Src/main.o
 .comment       0x00000043       0x44 ./Core/Src/stm32f3xx_hal_msp.o
 .comment       0x00000043       0x44 ./Core/Src/stm32f3xx_it.o
 .comment       0x00000043       0x44 ./Core/Src/system_stm32f3xx.o
 .comment       0x00000043       0x44 ./Drivers/STM32F3xx_HAL_Driver/Src/stm32f3xx_hal.o
 .comment       0x00000043       0x44 ./Drivers/STM32F3xx_HAL_Driver/Src/stm32f3xx_hal_adc.o
 .comment       0x00000043       0x44 ./Drivers/STM32F3xx_HAL_Driver/Src/stm32f3xx_hal_adc_ex.o
 .comment       0x00000043       0x44 ./Drivers/STM32F3xx_HAL_Driver/Src/stm32f3xx_hal_cortex.o
 .comment       0x00000043       0x44 ./Drivers/STM32F3xx_HAL_Driver/Src/stm32f3xx_hal_dma.o
 .comment       0x00000043       0x44 ./Drivers/STM32F3xx_HAL_Driver/Src/stm32f3xx_hal_gpio.o
 .comment       0x00000043       0x44 ./Drivers/STM32F3xx_HAL_Driver/Src/stm32f3xx_hal_rcc.o
 .comment       0x00000043       0x44 ./Drivers/STM32F3xx_HAL_Driver/Src/stm32f3xx_hal_rcc_ex.o

.debug_frame    0x00000000     0x1bac
 .debug_frame   0x00000000       0x60 ./Core/Src/DHAB124.o
 .debug_frame   0x00000060       0xe4 ./Core/Src/main.o
 .debug_frame   0x00000144       0x80 ./Core/Src/stm32f3xx_hal_msp.o
 .debug_frame   0x000001c4      0x13c ./Core/Src/stm32f3xx_it.o
 .debug_frame   0x00000300       0x58 ./Core/Src/system_stm32f3xx.o
 .debug_frame   0x00000358      0x334 ./Drivers/STM32F3xx_HAL_Driver/Src/stm32f3xx_hal.o
 .debug_frame   0x0000068c      0x380 ./Drivers/STM32F3xx_HAL_Driver/Src/stm32f3xx_hal_adc.o
 .debug_frame   0x00000a0c      0x638 ./Drivers/STM32F3xx_HAL_Driver/Src/stm32f3xx_hal_adc_ex.o
 .debug_frame   0x00001044      0x4e8 ./Drivers/STM32F3xx_HAL_Driver/Src/stm32f3xx_hal_cortex.o
 .debug_frame   0x0000152c      0x224 ./Drivers/STM32F3xx_HAL_Driver/Src/stm32f3xx_hal_dma.o
 .debug_frame   0x00001750      0x14c ./Drivers/STM32F3xx_HAL_Driver/Src/stm32f3xx_hal_gpio.o
 .debug_frame   0x0000189c      0x214 ./Drivers/STM32F3xx_HAL_Driver/Src/stm32f3xx_hal_rcc.o
 .debug_frame   0x00001ab0       0xb0 ./Drivers/STM32F3xx_HAL_Driver/Src/stm32f3xx_hal_rcc_ex.o
 .debug_frame   0x00001b60       0x20 C:/ST/STM32CubeIDE_1.19.0/STM32CubeIDE/plugins/com.st.stm32cube.ide.mcu.externaltools.gnu-tools-for-stm32.13.3.rel1.win32_1.0.0.202411081344/tools/bin/../lib/gcc/arm-none-eabi/13.3.1/../../../../arm-none-eabi/lib/thumb/v7e-m+fp/hard\libc_nano.a(libc_a-memset.o)
 .debug_frame   0x00001b80       0x2c C:/ST/STM32CubeIDE_1.19.0/STM32CubeIDE/plugins/com.st.stm32cube.ide.mcu.externaltools.gnu-tools-for-stm32.13.3.rel1.win32_1.0.0.202411081344/tools/bin/../lib/gcc/arm-none-eabi/13.3.1/../../../../arm-none-eabi/lib/thumb/v7e-m+fp/hard\libc_nano.a(libc_a-init.o)

.debug_line_str
                0x00000000       0x61
 .debug_line_str
                0x00000000       0x61 ./Core/Startup/startup_stm32f302retx.o
